ARM Linker, RVCT3.0 [Build 951] for uVision [Full]

================================================================================

Section Cross References

    main.o(.text) refers to __0printf.o(.text) for __0printf
    main.o(.text) refers to enc_main.o(.text) for ENC_main
    retarget.o(.text) refers to serial.o(.text) for sendchar
    retarget.o(.text) refers (Special) to use_no_semi.o(.text) for __use_no_semihosting_swi
    retarget.o(.data) refers (Special) to use_no_semi.o(.text) for __use_no_semihosting_swi
    retarget.o(.data) refers (Special) to use_no_semi.o(.text) for __use_no_semihosting_swi
    startup.o(STACK) refers (Special) to stkheap2.o(.text) for __use_two_region_memory
    startup.o(HEAP) refers (Special) to stkheap2.o(.text) for __use_two_region_memory
    startup.o(RESET) refers to startup.o(STACK) for Stack_Top
    startup.o(RESET) refers to __main.o(!!!main) for __main
    startup.o(RESET) refers (Special) to stkheap2.o(.text) for __use_two_region_memory
    startup.o(.text) refers to startup.o(HEAP) for Heap_Mem
    startup.o(.text) refers to startup.o(STACK) for Stack_Mem
    startup.o(.text) refers (Special) to stkheap2.o(.text) for __use_two_region_memory
    enc28j60.o(.text) refers to enc28j60.o(.data) for .data
    enc_main.o(.text) refers to simple_server.o(.text) for simple_server
    enc_main.o(.text) refers to enc28j60.o(.text) for enc28j60Init
    enc_main.o(.text) refers to enc_main.o(.constdata) for .constdata
    ip_arp_udp_tcp.o(.text) refers to enc28j60.o(.text) for enc28j60PacketSend
    ip_arp_udp_tcp.o(.text) refers to ip_arp_udp_tcp.o(.data) for .data
    simple_server.o(.text) refers to strncmp.o(.text) for strncmp
    simple_server.o(.text) refers to ip_arp_udp_tcp.o(.text) for fill_tcp_data_p
    simple_server.o(.text) refers to simple_server.o(.data) for .data
    simple_server.o(.text) refers to enc28j60.o(.text) for delay_ms
    simple_server.o(.text) refers to __0printf.o(.text) for __0printf
    simple_server.o(.text) refers to simple_server.o(.bss) for .bss
    simple_server.o(.text) refers to simple_server.o(.constdata) for .constdata
    simple_server.o(.text) refers to strcpy.o(.text) for strcpy
    simple_server.o(.text) refers to strlen.o(.text) for strlen
    simple_server.o(.text) refers (Special) to _printf_longlong_hex.o(.text) for _printf_longlong_hex
    simple_server.o(.data) refers (Special) to _printf_longlong_hex.o(.text) for _printf_longlong_hex
    simple_server.o(.constdata) refers (Special) to _printf_longlong_hex.o(.text) for _printf_longlong_hex
    simple_server.o(.bss) refers (Special) to _printf_longlong_hex.o(.text) for _printf_longlong_hex
    _printf_longlong_hex.o(.text) refers to _printf_intcommon.o(.text) for _printf_int_common
    _printf_longlong_hex.o(.text) refers to _printf_longlong_hex.o(.constdata) for .constdata
    __0printf.o(.text) refers to _printf_char_common.o(.text) for _printf_char_common
    __0printf.o(.text) refers to retarget.o(.text) for ferror
    __0printf.o(.text) refers to retarget.o(.data) for __stdout
    stkheap2.o(.text) refers to sys_stackheap_outer.o(.text) for __user_setup_stackheap
    stkheap2.o(.text) refers to rt_stackheap_storage_intlibspace.o(.text) for __rt_stackheap_storage
    __main.o(!!!main) refers to kernel.o(.text) for __rt_entry
    kernel.o(.text) refers to stkheap2.o(.text) for __rt_stackheap_init
    kernel.o(.text) refers to boardinit2.o(.text) for _platform_post_stackheap_init
    kernel.o(.text) refers to lib_init.o(.text) for __rt_lib_init
    kernel.o(.text) refers to boardinit3.o(.text) for _platform_post_lib_init
    kernel.o(.text) refers to exit.o(.text) for exit
    kernel.o(.text) refers to main.o(.text) for main
    kernel.o(.text) refers to retarget.o(.text) for _sys_exit
    kernel.o(.ARM.exidx) refers to kernel.o(.text) for __rt_entry
    sys_stackheap_outer.o(.text) refers to libspace.o(.text) for __user_perproc_libspace
    sys_stackheap_outer.o(.text) refers to startup.o(.text) for __user_initial_stackheap
    rt_stackheap_storage.o(.text) refers to rt_stackheap_storage.o(.bss) for __rt_stackheap_storage_data
    rt_stackheap_storage_intlibspace.o(.text) refers (Weak) to libspace.o(.bss) for __libspace_start
    rt_stackheap_storage_onelibspace.o(.text) refers (Weak) to libspace.o(.text) for __user_libspace
    rt_stackheap_storage_twolibspace.o(.text) refers (Weak) to libspace.o(.text) for __user_perproc_libspace
    _printf_intcommon.o(.text) refers to callvia.o(.text) for __ARM_call_via_r2
    _printf_char_common.o(.text) refers to __printf.o(.text) for __printf
    _printf_char_common.o(.text) refers to _printf_outstr_char.o(.text) for _printf_outstr_char
    _printf_char_common.o(.text) refers to _printf_input_char.o(.text) for _printf_input_char
    libspace.o(.text) refers to libspace.o(.bss) for __libspace_start
    __printf.o(.text) refers to callvia.o(.text) for __ARM_call_via_r1
    __printf.o(.text) refers (Weak) to _printf_longlong_hex.o(.text) for _printf_longlong_hex
    __printf.o(.text) refers to __printf.o(.constdata) for .constdata
    _printf_outstr_char.o(.text) refers to callvia.o(.text) for __ARM_call_via_r2
    exit.o(.text) refers to kernel.o(.text) for __rt_exit
    stkheap1.o(.text) refers to sys_stackheap_outer.o(.text) for __user_setup_stackheap
    stkheap1.o(.text) refers to rt_stackheap_storage_intlibspace.o(.text) for __rt_stackheap_storage
    stkheap1sc.o(.text) refers to sys_stackheap_outer.o(.text) for __user_setup_stackheap
    stkheap1sc.o(.text) refers to rt_stackheap_storage_intlibspace.o(.text) for __rt_stackheap_storage
    stkheap1sc.o(.text) refers to stkovf.o(.text) for __stack_overflow
    stkheap1sc.o(.text) refers to kernel.o(.text) for __rt_exit
    stkheap1sc.o(.text) refers to retarget.o(.text) for _sys_exit
    stkheap1sc.o(.text) refers to stacklimit.o(.bss) for __stack_limit
    stkheap1scss.o(.text) refers to sys_stackheap_outer.o(.text) for __user_setup_stackheap
    stkheap1scss.o(.text) refers to rt_stackheap_storage_intlibspace.o(.text) for __rt_stackheap_storage
    stkheap1scss.o(.text) refers to stack_cleanup.o(.text) for __user_stack_cleanup_space
    stkheap1scss.o(.text) refers to stkovf.o(.text) for __stack_overflow
    stkheap1scss.o(.text) refers to kernel.o(.text) for __rt_exit
    stkheap1scss.o(.text) refers to retarget.o(.text) for _sys_exit
    stkheap1scss.o(.text) refers to stacklimit.o(.bss) for __stack_limit
    stkheap2sc.o(.text) refers to sys_stackheap_outer.o(.text) for __user_setup_stackheap
    stkheap2sc.o(.text) refers to rt_stackheap_storage_intlibspace.o(.text) for __rt_stackheap_storage
    stkheap2sc.o(.text) refers to stkovf.o(.text) for __stack_overflow
    stkheap2sc.o(.text) refers to kernel.o(.text) for __rt_exit
    stkheap2sc.o(.text) refers to retarget.o(.text) for _sys_exit
    stkheap2sc.o(.text) refers to stacklimit.o(.bss) for __stack_limit
    stkheap2scss.o(.text) refers to sys_stackheap_outer.o(.text) for __user_setup_stackheap
    stkheap2scss.o(.text) refers to rt_stackheap_storage_intlibspace.o(.text) for __rt_stackheap_storage
    stkheap2scss.o(.text) refers to stack_cleanup.o(.text) for __user_stack_cleanup_space
    stkheap2scss.o(.text) refers to stkovf.o(.text) for __stack_overflow
    stkheap2scss.o(.text) refers to kernel.o(.text) for __rt_exit
    stkheap2scss.o(.text) refers to retarget.o(.text) for _sys_exit
    stkheap2scss.o(.text) refers to stacklimit.o(.bss) for __stack_limit
    lib_init.o(.emb_text) refers to no_argv.o(.text) for __ARM_get_argv
    lib_init.o(.text) refers to fpinit.o(x$fpl$fpinit) for _fp_init
    lib_init.o(.text) refers to lib_init.o(.emb_text) for __ARM_argv_veneer
    lib_init.o(.text) refers to rt_locale_intlibspace.o(.text) for __rt_locale
    rt_locale.o(.text) refers to rt_locale.o(.bss) for __rt_locale_data
    rt_locale_intlibspace.o(.text) refers (Weak) to libspace.o(.bss) for __libspace_start
    rt_locale_onelibspace.o(.text) refers (Weak) to libspace.o(.text) for __user_libspace
    rt_locale_twolibspace.o(.text) refers (Weak) to libspace.o(.text) for __user_perproc_libspace
    stkovf.o(.text) refers to defsig_stak_outer.o(.text) for __rt_SIGSTAK
    _get_argv.o(.text) refers to heapext.o(.text) for __heap_extend
    _get_argv.o(.text) refers to defsig_rtmem_outer.o(.text) for __rt_SIGRTMEM
    _get_argv.o(.text) refers to sys_command.o(.text) for _sys_command_string
    _get_argv.o(.text) refers (Special) to hrguard.o(.text) for __heap_region_guard
    fpinit.o(x$fpl$fpinit) refers to rt_fp_status_addr_intlibspace.o(.text) for __rt_fp_status_addr
    sys_command.o(.text) refers (Special) to use_no_semi.o(.text) for __I_use_semihosting
    rt_fp_status_addr.o(.text) refers to rt_fp_status_addr.o(.bss) for __rt_fp_status_addr_data
    rt_fp_status_addr_intlibspace.o(.text) refers (Weak) to libspace.o(.bss) for __libspace_start
    rt_fp_status_addr_onelibspace.o(.text) refers (Weak) to libspace.o(.text) for __user_libspace
    rt_fp_status_addr_twolibspace.o(.text) refers (Weak) to libspace.o(.text) for __user_perthread_libspace
    defsig_rtmem_outer.o(.text) refers to defsig_rtmem_inner.o(.text) for __rt_SIGRTMEM_inner
    defsig_rtmem_outer.o(.text) refers to defsig_exit.o(.text) for __sig_exit
    defsig_rtmem_formal.o(.text) refers to rt_raise.o(.text) for __rt_raise
    defsig_stak_outer.o(.text) refers to defsig_stak_inner.o(.text) for __rt_SIGSTAK_inner
    defsig_stak_outer.o(.text) refers to defsig_exit.o(.text) for __sig_exit
    defsig_stak_formal.o(.text) refers to rt_raise.o(.text) for __rt_raise
    heapext.o(.text) refers to stkheap2.o(.text) for __rt_heap_extend
    rt_raise.o(.text) refers to __raise.o(.text) for __raise
    rt_raise.o(.text) refers to retarget.o(.text) for _sys_exit
    defsig_exit.o(.text) refers to retarget.o(.text) for _sys_exit
    defsig_rtmem_inner.o(.text) refers to defsig_general.o(.text) for __default_signal_display
    defsig_stak_inner.o(.text) refers to defsig_general.o(.text) for __default_signal_display
    __raise.o(.text) refers to defsig.o(CL$$defsig) for __default_signal_handler
    __raise.o(.text) refers to callvia.o(.text) for __ARM_call_via_r2
    defsig_general.o(.text) refers to retarget.o(.text) for _ttywrch
    defsig.o(CL$$defsig) refers (Weak) to defsig_stak_inner.o(.text) for __rt_SIGSTAK_inner
    defsig.o(CL$$defsig) refers (Weak) to defsig_rtmem_inner.o(.text) for __rt_SIGRTMEM_inner


================================================================================

Removing Unused input sections from the image.

    Removing retarget.o(.data), (4 bytes).

1 unused section(s) (total 4 bytes) removed from the image.

================================================================================

Adding Veneers to the image

    Adding AT veneer (8 bytes, Inline) for call to '__0printf' from main.o(.text).
    Adding AT veneer (8 bytes, Inline) for call to 'strncmp' from simple_server.o(.text).
    Adding AT veneer (8 bytes, Inline) for call to 'strcpy' from simple_server.o(.text).
    Adding AT veneer (8 bytes, Inline) for call to 'strlen' from simple_server.o(.text).
    Adding TA veneer (8 bytes, Short) for call to 'ferror' from __0printf.o(.text).
    Adding AT veneer (8 bytes, Inline) for call to '__rt_lib_init' from kernel.o(.text).
    Adding AT veneer (12 bytes, Long) for call to '__rt_lib_shutdown' from kernel.o(.text).
    Adding TA veneer (8 bytes, Short) for call to '__rt_exit' from exit.o(.text).
    Adding TA veneer (4 bytes, Inline) for call to '_fp_init' from lib_init.o(.text).
    Adding TA veneer (4 bytes, Inline) for call to '__ARM_argv_veneer' from lib_init.o(.text).
    Adding TA veneer (4 bytes, Inline) for call to '__rt_locale' from lib_init.o(.text).

11 Veneer(s) (total 80 bytes) added to the image.

================================================================================

Image Symbol Table

    Local Symbols

    Symbol Name                              Value     Ov Type        Size  Object(Section)

    RESET                                    0x00000000   Section      288  startup.o(RESET)
    ../../angel/boardlib.s                   0x00000000   Number         0  boardshut.o ABSOLUTE
    ../../angel/boardlib.s                   0x00000000   Number         0  boardinit3.o ABSOLUTE
    ../../angel/boardlib.s                   0x00000000   Number         0  boardinit2.o ABSOLUTE
    ../../angel/boardlib.s                   0x00000000   Number         0  boardinit1.o ABSOLUTE
    ../../angel/boardlib.s                   0x00000000   Number         0  cpuinit.o ABSOLUTE
    ../../angel/handlers.s                   0x00000000   Number         0  __scatter_zi.o ABSOLUTE
    ../../angel/handlers.s                   0x00000000   Number         0  __scatter_copy.o ABSOLUTE
    ../../angel/kernel.s                     0x00000000   Number         0  kernel.o ABSOLUTE
    ../../angel/rt.s                         0x00000000   Number         0  rt_locale_intlibspace.o ABSOLUTE
    ../../angel/rt.s                         0x00000000   Number         0  rt_locale.o ABSOLUTE
    ../../angel/rt.s                         0x00000000   Number         0  rt_stackheap_storage_onelibspace.o ABSOLUTE
    ../../angel/rt.s                         0x00000000   Number         0  stack_cleanup.o ABSOLUTE
    ../../angel/rt.s                         0x00000000   Number         0  rt_stackheap_storage_intlibspace.o ABSOLUTE
    ../../angel/rt.s                         0x00000000   Number         0  rt_locale_twolibspace.o ABSOLUTE
    ../../angel/rt.s                         0x00000000   Number         0  rt_fp_status_addr.o ABSOLUTE
    ../../angel/rt.s                         0x00000000   Number         0  rt_fp_status_addr_intlibspace.o ABSOLUTE
    ../../angel/rt.s                         0x00000000   Number         0  rt_fp_status_addr_onelibspace.o ABSOLUTE
    ../../angel/rt.s                         0x00000000   Number         0  rt_locale_onelibspace.o ABSOLUTE
    ../../angel/rt.s                         0x00000000   Number         0  rt_raise.o ABSOLUTE
    ../../angel/rt.s                         0x00000000   Number         0  rt_fp_status_addr_twolibspace.o ABSOLUTE
    ../../angel/rt.s                         0x00000000   Number         0  rt_stackheap_storage.o ABSOLUTE
    ../../angel/rt.s                         0x00000000   Number         0  rt_stackheap_storage_twolibspace.o ABSOLUTE
    ../../angel/scatter.s                    0x00000000   Number         0  __scatter.o ABSOLUTE
    ../../angel/startup.s                    0x00000000   Number         0  __main.o ABSOLUTE
    ../../angel/sys.s                        0x00000000   Number         0  use_no_semi.o ABSOLUTE
    ../../angel/sys.s                        0x00000000   Number         0  sys_stackheap_outer.o ABSOLUTE
    ../../angel/sys.s                        0x00000000   Number         0  libspace.o ABSOLUTE
    ../../angel/sysapp.c                     0x00000000   Number         0  sys_command.o ABSOLUTE
    ../../armsys.c                           0x00000000   Number         0  lib_init.o ABSOLUTE
    ../../armsys.c                           0x00000000   Number         0  no_argv.o ABSOLUTE
    ../../armsys.c                           0x00000000   Number         0  lib_init.o ABSOLUTE
    ../../armsys.c                           0x00000000   Number         0  _get_argv.o ABSOLUTE
    ../../fpinit.s                           0x00000000   Number         0  fpinit.o ABSOLUTE
    ../../heapalloc.c                        0x00000000   Number         0  hrguard.o ABSOLUTE
    ../../printf.c                           0x00000000   Number         0  _printf_longlong_hex.o ABSOLUTE
    ../../printf.c                           0x00000000   Number         0  _printf_intcommon.o ABSOLUTE
    ../../printf.c                           0x00000000   Number         0  _printf_char_common.o ABSOLUTE
    ../../printf.c                           0x00000000   Number         0  __printf.o ABSOLUTE
    ../../printf.c                           0x00000000   Number         0  _printf_outstr_char.o ABSOLUTE
    ../../printf.c                           0x00000000   Number         0  _printf_input_char.o ABSOLUTE
    ../../printf.c                           0x00000000   Number         0  __0printf.o ABSOLUTE
    ../../signal.c                           0x00000000   Number         0  defsig_general.o ABSOLUTE
    ../../signal.c                           0x00000000   Number         0  __raise.o ABSOLUTE
    ../../signal.c                           0x00000000   Number         0  defsig_stak_inner.o ABSOLUTE
    ../../signal.c                           0x00000000   Number         0  defsig_rtmem_inner.o ABSOLUTE
    ../../signal.c                           0x00000000   Number         0  defsig_exit.o ABSOLUTE
    ../../signal.c                           0x00000000   Number         0  defsig_stak_formal.o ABSOLUTE
    ../../signal.c                           0x00000000   Number         0  defsig_stak_outer.o ABSOLUTE
    ../../signal.c                           0x00000000   Number         0  defsig_rtmem_outer.o ABSOLUTE
    ../../signal.c                           0x00000000   Number         0  defsig_rtmem_formal.o ABSOLUTE
    ../../signal.s                           0x00000000   Number         0  defsig.o ABSOLUTE
    ../../stdlib.c                           0x00000000   Number         0  exit.o ABSOLUTE
    ../../stkheap.s                          0x00000000   Number         0  stkovf.o ABSOLUTE
    ../../stkheap.s                          0x00000000   Number         0  stacklimit.o ABSOLUTE
    ../../stkheap.s                          0x00000000   Number         0  heapext.o ABSOLUTE
    ../../stkheap1.s                         0x00000000   Number         0  stkheap1.o ABSOLUTE
    ../../stkheap1.s                         0x00000000   Number         0  stkheap1sc.o ABSOLUTE
    ../../stkheap1.s                         0x00000000   Number         0  stkheap1scss.o ABSOLUTE
    ../../stkheap2.s                         0x00000000   Number         0  stkheap2.o ABSOLUTE
    ../../stkheap2.s                         0x00000000   Number         0  stkheap2sc.o ABSOLUTE
    ../../stkheap2.s                         0x00000000   Number         0  stkheap2scss.o ABSOLUTE
    ../../string.c                           0x00000000   Number         0  strncmp.o ABSOLUTE
    ../../string.c                           0x00000000   Number         0  strlen.o ABSOLUTE
    ../../string.c                           0x00000000   Number         0  strcpy.o ABSOLUTE
    ../../unhosted.s                         0x00000000   Number         0  callvia.o ABSOLUTE
    Retarget.c                               0x00000000   Number         0  retarget.o ABSOLUTE
    Startup.s                                0x00000000   Number         0  startup.o ABSOLUTE
    dc.s                                     0x00000000   Number         0  dc.o ABSOLUTE
    enc\ENC_main.c                           0x00000000   Number         0  enc_main.o ABSOLUTE
    enc\enc28j60.c                           0x00000000   Number         0  enc28j60.o ABSOLUTE
    enc\ip_arp_udp_tcp.c                     0x00000000   Number         0  ip_arp_udp_tcp.o ABSOLUTE
    enc\simple_server.c                      0x00000000   Number         0  simple_server.o ABSOLUTE
    main.c                                   0x00000000   Number         0  main.o ABSOLUTE
    serial.c                                 0x00000000   Number         0  serial.o ABSOLUTE
    Undef_Handler                            0x00000040   ARM Code       4  startup.o(RESET)
    SWI_Handler                              0x00000044   ARM Code       4  startup.o(RESET)
    PAbt_Handler                             0x00000048   ARM Code       4  startup.o(RESET)
    DAbt_Handler                             0x0000004c   ARM Code       4  startup.o(RESET)
    IRQ_Handler                              0x00000050   ARM Code       4  startup.o(RESET)
    FIQ_Handler                              0x00000054   ARM Code       4  startup.o(RESET)
    !!!main                                  0x00000120   Section        8  __main.o(!!!main)
    !!!scatter                               0x00000128   Section       56  __scatter.o(!!!scatter)
    !!handler_copy                           0x00000160   Section       40  __scatter_copy.o(!!handler_copy)
    !!handler_zi                             0x00000188   Section       44  __scatter_zi.o(!!handler_zi)
    .emb_text                                0x000001b8   Section       16  lib_init.o(.emb_text)
    .text                                    0x000001c8   Section      296  main.o(.text)
    .text                                    0x000002f0   Section       36  retarget.o(.text)
    .text                                    0x00000314   Section       80  serial.o(.text)
    .text                                    0x00000364   Section       32  startup.o(.text)
    .text                                    0x00000384   Section     1608  enc28j60.o(.text)
    CSACTIVE                                 0x00000998   ARM Code      20  enc28j60.o(.text)
    CSPASSIVE                                0x000009ac   ARM Code      20  enc28j60.o(.text)
    .text                                    0x000009cc   Section       28  enc_main.o(.text)
    .text                                    0x000009e8   Section     1676  ip_arp_udp_tcp.o(.text)
    .text                                    0x00001074   Section     1824  simple_server.o(.text)
    .text                                    0x00001794   Section        4  use_no_semi.o(.text)
    .text                                    0x00001798   Section      204  _printf_longlong_hex.o(.text)
    .text                                    0x0000186c   Section       56  __0printf.o(.text)
    .text                                    0x000018ac   Section       80  strcpy.o(.text)
    .text                                    0x00001904   Section       80  strncmp.o(.text)
    .text                                    0x0000195c   Section       72  strlen.o(.text)
    .text                                    0x000019a4   Section       88  stkheap2.o(.text)
    .text                                    0x000019fc   Section      104  kernel.o(.text)
    .text                                    0x00001a64   Section       96  sys_stackheap_outer.o(.text)
    .text                                    0x00001ac4   Section       16  rt_stackheap_storage_intlibspace.o(.text)
    .text                                    0x00001ad4   Section      168  _printf_intcommon.o(.text)
    .text                                    0x00001b7c   Section       52  _printf_char_common.o(.text)
    .text                                    0x00001bb0   Section       12  libspace.o(.text)
    .text                                    0x00001bbc   Section      744  __printf.o(.text)
    .text                                    0x00001ea4   Section       32  _printf_outstr_char.o(.text)
    .text                                    0x00001ec4   Section       10  _printf_input_char.o(.text)
    .text                                    0x00001ece   Section       24  exit.o(.text)
    .text                                    0x00001ef0   Section      214  lib_init.o(.text)
    .text                                    0x00001fc8   Section       12  boardinit2.o(.text)
    .text                                    0x00001fd4   Section       16  boardinit3.o(.text)
    .text                                    0x00001fe4   Section       16  callvia.o(.text)
    .text                                    0x00001ff8   Section       16  rt_locale_intlibspace.o(.text)
    .text                                    0x00002008   Section        6  no_argv.o(.text)
    .text                                    0x00002010   Section       16  rt_fp_status_addr_intlibspace.o(.text)
    x$fpl$fpinit                             0x00002040   Section       24  fpinit.o(x$fpl$fpinit)
    .constdata                               0x00002058   Section        6  enc_main.o(.constdata)
    .constdata                               0x00002060   Section       80  simple_server.o(.constdata)
    .constdata                               0x000020b0   Section       34  _printf_longlong_hex.o(.constdata)
    lc_hextab@_printf_longlong_hex_0         0x000020b0   Data          17  _printf_longlong_hex.o(.constdata)
    uc_hextab@_printf_longlong_hex_1         0x000020c1   Data          17  _printf_longlong_hex.o(.constdata)
    .constdata                               0x000020d2   Section       17  __printf.o(.constdata)
    maptable@__printf_0                      0x000020d2   Data          17  __printf.o(.constdata)
    .data                                    0x40000000   Section        4  retarget.o(.data)
    .data                                    0x40000004   Section        4  enc28j60.o(.data)
    Enc28j60Bank                             0x40000004   Data           1  enc28j60.o(.data)
    NextPacketPtr                            0x40000006   Data           2  enc28j60.o(.data)
    .data                                    0x40000008   Section       16  ip_arp_udp_tcp.o(.data)
    wwwport                                  0x40000008   Data           1  ip_arp_udp_tcp.o(.data)
    seqnum                                   0x40000009   Data           1  ip_arp_udp_tcp.o(.data)
    info_hdr_len                             0x4000000a   Data           2  ip_arp_udp_tcp.o(.data)
    info_data_len                            0x4000000c   Data           2  ip_arp_udp_tcp.o(.data)
    ipaddr                                   0x4000000e   Data           4  ip_arp_udp_tcp.o(.data)
    macaddr                                  0x40000012   Data           6  ip_arp_udp_tcp.o(.data)
    .data                                    0x40000018   Section       42  simple_server.o(.data)
    mywwwport                                0x40000018   Data           2  simple_server.o(.data)
    myudpport                                0x4000001a   Data           2  simple_server.o(.data)
    myip                                     0x4000001c   Data           4  simple_server.o(.data)
    mymac                                    0x40000020   Data           6  simple_server.o(.data)
    password                                 0x40000026   Data           7  simple_server.o(.data)
    baseurl                                  0x4000002d   Data          21  simple_server.o(.data)
    .bss                                     0x40000044   Section     1501  simple_server.o(.bss)
    buf                                      0x40000044   Data        1501  simple_server.o(.bss)
    .bss                                     0x40000624   Section       96  libspace.o(.bss)
    HEAP                                     0x40000688   Number         0  startup.o(HEAP)
    STACK                                    0x40000688   Section     1160  startup.o(STACK)
    Heap_Mem                                 0x40000688   Number         0  startup.o(HEAP)
    Stack_Mem                                0x40000688   Data        1160  startup.o(STACK)
    Stack_Top                                0x40000b10   Number         0  startup.o(STACK)

    Global Symbols

    Symbol Name                              Value     Ov Type        Size  Object(Section)

    BuildAttributes$$THUMB_ISAv1$ARM_ISAv4$M$PE$A:L22$X:L11$S22$IEEE1$IW$USESV6$~STKCKD$USESV7$~SHL$OSPACE$EBA8$REQ8$PRES8$EABIv2 0x00000000   Number         0  anon$$obj.o ABSOLUTE
    __ARM_use_no_argv                        0x00000000   Number         0  main.o ABSOLUTE
    __use_stack_checking                     0x00000000   Number         0  stkovf.o ABSOLUTE
    __ARM_exceptions_init                     - Undefined Weak Reference
    __ARM_stackcheck                          - Undefined Weak Reference
    __Heap_DescSize                           - Undefined Weak Reference
    __alloca_initialize                       - Undefined Weak Reference
    __cpp_initialize__aeabi_                  - Undefined Weak Reference
    __cxa_finalize                            - Undefined Weak Reference
    __rt_SIGABRT_inner                        - Undefined Weak Reference
    __rt_SIGCPPL_inner                        - Undefined Weak Reference
    __rt_SIGFPE_inner                         - Undefined Weak Reference
    __rt_SIGILL_inner                         - Undefined Weak Reference
    __rt_SIGINT_inner                         - Undefined Weak Reference
    __rt_SIGPVFN_inner                        - Undefined Weak Reference
    __rt_SIGRTRED_inner                       - Undefined Weak Reference
    __rt_SIGSEGV_inner                        - Undefined Weak Reference
    __rt_SIGTERM_inner                        - Undefined Weak Reference
    __rt_SIGUSR1_inner                        - Undefined Weak Reference
    __rt_SIGUSR2_inner                        - Undefined Weak Reference
    __rt_sigother_inner                       - Undefined Weak Reference
    __sigvec_lookup                           - Undefined Weak Reference
    __user_heap_extend                        - Undefined Weak Reference
    __user_stack_slop                         - Undefined Weak Reference
    _atexit_init                              - Undefined Weak Reference
    _call_atexit_fns                          - Undefined Weak Reference
    _clock_init                               - Undefined Weak Reference
    _fp_trap_init                             - Undefined Weak Reference
    _get_lc_collate                           - Undefined Weak Reference
    _get_lc_ctype                             - Undefined Weak Reference
    _get_lc_monetary                          - Undefined Weak Reference
    _get_lc_numeric                           - Undefined Weak Reference
    _get_lc_time                              - Undefined Weak Reference
    _getenv_init                              - Undefined Weak Reference
    _handle_redirection                       - Undefined Weak Reference
    _init_alloc                               - Undefined Weak Reference
    _init_user_alloc                          - Undefined Weak Reference
    _initio                                   - Undefined Weak Reference
    _printf_charcount                         - Undefined Weak Reference
    _printf_fp_dec                            - Undefined Weak Reference
    _printf_fp_hex                            - Undefined Weak Reference
    _printf_int_dec                           - Undefined Weak Reference
    _printf_longlong_dec                      - Undefined Weak Reference
    _printf_longlong_oct                      - Undefined Weak Reference
    _printf_mbtowc                            - Undefined Weak Reference
    _printf_post_padding                      - Undefined Weak Reference
    _printf_pre_padding                       - Undefined Weak Reference
    _printf_str                               - Undefined Weak Reference
    _printf_truncate_unsigned                 - Undefined Weak Reference
    _printf_wc                                - Undefined Weak Reference
    _printf_wctomb                            - Undefined Weak Reference
    _rand_init                                - Undefined Weak Reference
    _signal_init                              - Undefined Weak Reference
    _terminate_user_alloc                     - Undefined Weak Reference
    _terminateio                              - Undefined Weak Reference
    Reset_Handler                            0x00000058   ARM Code       0  startup.o(RESET)
    __main                                   0x00000120   ARM Code       8  __main.o(!!!main)
    __scatterload                            0x00000128   ARM Code       0  __scatter.o(!!!scatter)
    __scatterload_rt2                        0x00000128   ARM Code      48  __scatter.o(!!!scatter)
    __scatterload_null                       0x0000013c   ARM Code       0  __scatter.o(!!!scatter)
    __scatterload_copy                       0x00000160   ARM Code      40  __scatter_copy.o(!!handler_copy)
    __scatterload_zeroinit                   0x00000188   ARM Code      44  __scatter_zi.o(!!handler_zi)
    Inline Thumb to ARM Veneer to __ARM_argv_veneer 0x000001b5   Thumb Code     0  lib_init.o(.emb_text)
    __ARM_argv_veneer                        0x000001b8   ARM Code      16  lib_init.o(.emb_text)
    uart_int                                 0x000001c8   ARM Code      68  main.o(.text)
    spi_int                                  0x0000020c   ARM Code      56  main.o(.text)
    do_spi                                   0x00000244   ARM Code      28  main.o(.text)
    main                                     0x00000260   ARM Code     120  main.o(.text)
    fputc                                    0x000002f0   ARM Code       4  retarget.o(.text)
    fgetc                                    0x000002f4   ARM Code      16  retarget.o(.text)
    ferror                                   0x00000304   ARM Code       8  retarget.o(.text)
    _ttywrch                                 0x0000030c   ARM Code       4  retarget.o(.text)
    _sys_exit                                0x00000310   ARM Code       4  retarget.o(.text)
    sendchar                                 0x00000314   ARM Code      52  serial.o(.text)
    getkey                                   0x00000348   ARM Code      24  serial.o(.text)
    __user_initial_stackheap                 0x00000364   ARM Code       0  startup.o(.text)
    SAMspiSend                               0x00000384   ARM Code      28  enc28j60.o(.text)
    delay_ms                                 0x000003a0   ARM Code      40  enc28j60.o(.text)
    _delay_us                                0x000003c8   ARM Code      48  enc28j60.o(.text)
    enc28j60ReadOp                           0x000003f8   ARM Code      88  enc28j60.o(.text)
    enc28j60WriteOp                          0x00000450   ARM Code      56  enc28j60.o(.text)
    enc28j60ReadBuffer                       0x00000488   ARM Code      84  enc28j60.o(.text)
    enc28j60WriteBuffer                      0x000004dc   ARM Code      76  enc28j60.o(.text)
    enc28j60SetBank                          0x00000528   ARM Code      68  enc28j60.o(.text)
    enc28j60Read                             0x0000056c   ARM Code      28  enc28j60.o(.text)
    enc28j60Write                            0x00000588   ARM Code      36  enc28j60.o(.text)
    enc28j60PhyWrite                         0x000005ac   ARM Code      80  enc28j60.o(.text)
    enc28j60clkout                           0x000005fc   ARM Code      12  enc28j60.o(.text)
    enc28j60Init                             0x00000608   ARM Code     468  enc28j60.o(.text)
    enc28j60getrev                           0x000007dc   ARM Code       8  enc28j60.o(.text)
    enc28j60PacketSend                       0x000007e4   ARM Code     156  enc28j60.o(.text)
    enc28j60PacketReceive                    0x00000880   ARM Code     280  enc28j60.o(.text)
    ENC_main                                 0x000009cc   ARM Code      24  enc_main.o(.text)
    checksum                                 0x000009e8   ARM Code     124  ip_arp_udp_tcp.o(.text)
    init_ip_arp_udp_tcp                      0x00000a64   ARM Code      76  ip_arp_udp_tcp.o(.text)
    eth_type_is_arp_and_my_ip                0x00000ab0   ARM Code      84  ip_arp_udp_tcp.o(.text)
    eth_type_is_ip_and_my_ip                 0x00000b04   ARM Code      92  ip_arp_udp_tcp.o(.text)
    make_eth                                 0x00000b60   ARM Code      48  ip_arp_udp_tcp.o(.text)
    fill_ip_hdr_checksum                     0x00000b90   ARM Code      72  ip_arp_udp_tcp.o(.text)
    make_ip                                  0x00000bd8   ARM Code      48  ip_arp_udp_tcp.o(.text)
    make_tcphead                             0x00000c08   ARM Code     216  ip_arp_udp_tcp.o(.text)
    make_arp_answer_from_request             0x00000ce0   ARM Code     132  ip_arp_udp_tcp.o(.text)
    make_echo_reply_from_request             0x00000d64   ARM Code      76  ip_arp_udp_tcp.o(.text)
    make_udp_reply_from_request              0x00000db0   ARM Code     164  ip_arp_udp_tcp.o(.text)
    make_tcp_synack_from_syn                 0x00000e54   ARM Code     108  ip_arp_udp_tcp.o(.text)
    get_tcp_data_pointer                     0x00000ec0   ARM Code      36  ip_arp_udp_tcp.o(.text)
    init_len_info                            0x00000ee4   ARM Code      68  ip_arp_udp_tcp.o(.text)
    fill_tcp_data_p                          0x00000f28   ARM Code      40  ip_arp_udp_tcp.o(.text)
    fill_tcp_data                            0x00000f50   ARM Code      44  ip_arp_udp_tcp.o(.text)
    make_tcp_ack_from_any                    0x00000f7c   ARM Code     128  ip_arp_udp_tcp.o(.text)
    make_tcp_ack_with_data                   0x00000ffc   ARM Code     108  ip_arp_udp_tcp.o(.text)
    verify_password                          0x00001074   ARM Code      36  simple_server.o(.text)
    analyse_get_url                          0x00001098   ARM Code     124  simple_server.o(.text)
    print_webpage                            0x00001114   ARM Code     484  simple_server.o(.text)
    simple_server                            0x000012f8   ARM Code    1128  simple_server.o(.text)
    __I_use_semihosting                      0x00001794   ARM Code       0  use_no_semi.o(.text)
    __use_no_semihosting_swi                 0x00001794   ARM Code       4  use_no_semi.o(.text)
    _printf_longlong_hex                     0x00001799   Thumb Code   182  _printf_longlong_hex.o(.text)
    Inline ARM to Thumb Veneer to __0printf  0x00001864   ARM Code       0  __0printf.o(.text)
    __0printf                                0x0000186d   Thumb Code    46  __0printf.o(.text)
    Inline ARM to Thumb Veneer to strcpy     0x000018a4   ARM Code       0  strcpy.o(.text)
    strcpy                                   0x000018ad   Thumb Code    74  strcpy.o(.text)
    Inline ARM to Thumb Veneer to strncmp    0x000018fc   ARM Code       0  strncmp.o(.text)
    strncmp                                  0x00001905   Thumb Code    76  strncmp.o(.text)
    Inline ARM to Thumb Veneer to strlen     0x00001954   ARM Code       0  strlen.o(.text)
    strlen                                   0x0000195d   Thumb Code    68  strlen.o(.text)
    __use_two_region_memory                  0x000019a4   ARM Code       4  stkheap2.o(.text)
    __rt_stackheap_init                      0x000019a8   ARM Code      60  stkheap2.o(.text)
    __rt_heap_extend                         0x000019e4   ARM Code      24  stkheap2.o(.text)
    __rt_entry                               0x000019fc   ARM Code      76  kernel.o(.text)
    __rt_exit                                0x00001a48   ARM Code      20  kernel.o(.text)
    __rt_abort                               0x00001a5c   ARM Code       8  kernel.o(.text)
    __user_setup_stackheap                   0x00001a64   ARM Code      96  sys_stackheap_outer.o(.text)
    __rt_stackheap_storage                   0x00001ac4   ARM Code      12  rt_stackheap_storage_intlibspace.o(.text)
    _printf_int_common                       0x00001ad5   Thumb Code   168  _printf_intcommon.o(.text)
    _printf_char_common                      0x00001b7d   Thumb Code    44  _printf_char_common.o(.text)
    __user_libspace                          0x00001bb0   ARM Code       8  libspace.o(.text)
    __user_perproc_libspace                  0x00001bb0   ARM Code       0  libspace.o(.text)
    __user_perthread_libspace                0x00001bb0   ARM Code       0  libspace.o(.text)
    __printf                                 0x00001bbd   Thumb Code   740  __printf.o(.text)
    _printf_outstr_char                      0x00001ea5   Thumb Code    32  _printf_outstr_char.o(.text)
    _printf_input_char                       0x00001ec5   Thumb Code    10  _printf_input_char.o(.text)
    exit                                     0x00001ecf   Thumb Code    24  exit.o(.text)
    Inline ARM to Thumb Veneer to __rt_lib_init 0x00001ee8   ARM Code       0  lib_init.o(.text)
    __rt_lib_init                            0x00001ef1   Thumb Code   188  lib_init.o(.text)
    __rt_lib_shutdown                        0x00001fad   Thumb Code    26  lib_init.o(.text)
    _platform_post_stackheap_init            0x00001fc8   ARM Code      12  boardinit2.o(.text)
    _platform_post_lib_init                  0x00001fd4   ARM Code      16  boardinit3.o(.text)
    __ARM_call_via_r0                        0x00001fe5   Thumb Code     2  callvia.o(.text)
    __call_via_r0                            0x00001fe5   Thumb Code     0  callvia.o(.text)
    __ARM_call_via_r1                        0x00001fe7   Thumb Code     2  callvia.o(.text)
    __call_via_r1                            0x00001fe7   Thumb Code     0  callvia.o(.text)
    __ARM_call_via_r2                        0x00001fe9   Thumb Code     2  callvia.o(.text)
    __call_via_r2                            0x00001fe9   Thumb Code     0  callvia.o(.text)
    __ARM_call_via_r3                        0x00001feb   Thumb Code     2  callvia.o(.text)
    __call_via_r3                            0x00001feb   Thumb Code     0  callvia.o(.text)
    __ARM_call_via_r4                        0x00001fed   Thumb Code     2  callvia.o(.text)
    __call_via_r4                            0x00001fed   Thumb Code     0  callvia.o(.text)
    __ARM_call_via_r5                        0x00001fef   Thumb Code     2  callvia.o(.text)
    __call_via_r5                            0x00001fef   Thumb Code     0  callvia.o(.text)
    __ARM_call_via_r6                        0x00001ff1   Thumb Code     2  callvia.o(.text)
    __call_via_r6                            0x00001ff1   Thumb Code     0  callvia.o(.text)
    __ARM_call_via_r7                        0x00001ff3   Thumb Code     2  callvia.o(.text)
    __call_via_r7                            0x00001ff3   Thumb Code     0  callvia.o(.text)
    Inline Thumb to ARM Veneer to __rt_locale 0x00001ff5   Thumb Code     0  rt_locale_intlibspace.o(.text)
    __rt_locale                              0x00001ff8   ARM Code      12  rt_locale_intlibspace.o(.text)
    __ARM_get_argv                           0x00002009   Thumb Code     6  no_argv.o(.text)
    __rt_fp_status_addr                      0x00002010   ARM Code      12  rt_fp_status_addr_intlibspace.o(.text)
    Short Thumb to ARM Veneer to ferror      0x00002021   Thumb Code     0  anon$$obj.o(Veneer$$Code)
    Long ARM to Thumb Veneer to __rt_lib_shutdown 0x00002028   ARM Code       0  anon$$obj.o(Veneer$$Code)
    Short Thumb to ARM Veneer to __rt_exit   0x00002035   Thumb Code     0  anon$$obj.o(Veneer$$Code)
    Inline Thumb to ARM Veneer to _fp_init   0x0000203d   Thumb Code     0  fpinit.o(x$fpl$fpinit)
    _fp_init                                 0x00002040   ARM Code      24  fpinit.o(x$fpl$fpinit)
    __fplib_config_pureend_doubles           0x00002050   ARM Code       0  fpinit.o(x$fpl$fpinit)
    enc28j60_MAC                             0x00002058   Data           6  enc_main.o(.constdata)
    Region$$Table$$Base                      0x000020e4   Number         0  anon$$obj.o(Region$$Table)
    Region$$Table$$Limit                     0x00002104   Number         0  anon$$obj.o(Region$$Table)
    __stdout                                 0x40000000   Data           4  retarget.o(.data)
    __libspace_start                         0x40000624   Data          96  libspace.o(.bss)


================================================================================

Memory Map of the image

  Image Entry point : 0x00000120

  Load Region LR_IROM1 (Base: 0x00000000, Size: 0x00002148, Max: 0xffffffff, ABSOLUTE)

    Execution Region ER_IROM1 (Base: 0x00000000, Size: 0x00002104, Max: 0x00008000, ABSOLUTE)

    Base Addr    Size         Type   Attr      Idx    E Section Name        Object

    0x00000000   0x00000120   Code   RO           62    RESET               startup.o
    0x00000120   0x00000008   Code   RO          169  * !!!main             __main.o(c_t__un.l)
    0x00000128   0x00000038   Code   RO          285    !!!scatter          __scatter.o(c_t__un.l)
    0x00000160   0x00000028   Code   RO          287    !!handler_copy      __scatter_copy.o(c_t__un.l)
    0x00000188   0x0000002c   Code   RO          289    !!handler_zi        __scatter_zi.o(c_t__un.l)
    0x000001b4   0x00000004   Ven    RO          211    .emb_text           lib_init.o(c_t__un.l)
    0x000001b8   0x00000010   Code   RO          211    .emb_text           lib_init.o(c_t__un.l)
    0x000001c8   0x00000128   Code   RO            1    .text               main.o
    0x000002f0   0x00000024   Code   RO           25    .text               retarget.o
    0x00000314   0x00000050   Code   RO           48    .text               serial.o
    0x00000364   0x00000020   Code   RO           63    .text               startup.o
    0x00000384   0x00000648   Code   RO           69    .text               enc28j60.o
    0x000009cc   0x0000001c   Code   RO           91    .text               enc_main.o
    0x000009e8   0x0000068c   Code   RO          106    .text               ip_arp_udp_tcp.o
    0x00001074   0x00000720   Code   RO          128    .text               simple_server.o
    0x00001794   0x00000004   Code   RO          154    .text               use_no_semi.o(c_t__un.l)
    0x00001798   0x000000cc   Code   RO          156    .text               _printf_longlong_hex.o(c_t__un.l)
    0x00001864   0x00000008   Ven    RO          159    .text               __0printf.o(c_t__un.l)
    0x0000186c   0x00000038   Code   RO          159    .text               __0printf.o(c_t__un.l)
    0x000018a4   0x00000008   Ven    RO          161    .text               strcpy.o(c_t__un.l)
    0x000018ac   0x00000050   Code   RO          161    .text               strcpy.o(c_t__un.l)
    0x000018fc   0x00000008   Ven    RO          163    .text               strncmp.o(c_t__un.l)
    0x00001904   0x00000050   Code   RO          163    .text               strncmp.o(c_t__un.l)
    0x00001954   0x00000008   Ven    RO          165    .text               strlen.o(c_t__un.l)
    0x0000195c   0x00000048   Code   RO          165    .text               strlen.o(c_t__un.l)
    0x000019a4   0x00000058   Code   RO          167    .text               stkheap2.o(c_t__un.l)
    0x000019fc   0x00000068   Code   RO          171    .text               kernel.o(c_t__un.l)
    0x00001a64   0x00000060   Code   RO          174    .text               sys_stackheap_outer.o(c_t__un.l)
    0x00001ac4   0x00000010   Code   RO          179    .text               rt_stackheap_storage_intlibspace.o(c_t__un.l)
    0x00001ad4   0x000000a8   Code   RO          185    .text               _printf_intcommon.o(c_t__un.l)
    0x00001b7c   0x00000034   Code   RO          187    .text               _printf_char_common.o(c_t__un.l)
    0x00001bb0   0x0000000c   Code   RO          189    .text               libspace.o(c_t__un.l)
    0x00001bbc   0x000002e8   Code   RO          192    .text               __printf.o(c_t__un.l)
    0x00001ea4   0x00000020   Code   RO          195    .text               _printf_outstr_char.o(c_t__un.l)
    0x00001ec4   0x0000000a   Code   RO          197    .text               _printf_input_char.o(c_t__un.l)
    0x00001ece   0x00000018   Code   RO          199    .text               exit.o(c_t__un.l)
    0x00001ee6   0x00000002   PAD
    0x00001ee8   0x00000008   Ven    RO          212    .text               lib_init.o(c_t__un.l)
    0x00001ef0   0x000000d6   Code   RO          212    .text               lib_init.o(c_t__un.l)
    0x00001fc6   0x00000002   PAD
    0x00001fc8   0x0000000c   Code   RO          217    .text               boardinit2.o(c_t__un.l)
    0x00001fd4   0x00000010   Code   RO          219    .text               boardinit3.o(c_t__un.l)
    0x00001fe4   0x00000010   Code   RO          223    .text               callvia.o(h_t__un.l)
    0x00001ff4   0x00000004   Ven    RO          229    .text               rt_locale_intlibspace.o(c_t__un.l)
    0x00001ff8   0x00000010   Code   RO          229    .text               rt_locale_intlibspace.o(c_t__un.l)
    0x00002008   0x00000006   Code   RO          243    .text               no_argv.o(c_t__un.l)
    0x0000200e   0x00000002   PAD
    0x00002010   0x00000010   Code   RO          252    .text               rt_fp_status_addr_intlibspace.o(c_t__un.l)
    0x00002020   0x00000008   Ven    RO          295    Veneer$$Code        anon$$obj.o
    0x00002028   0x0000000c   Ven    RO          297    Veneer$$Code        anon$$obj.o
    0x00002034   0x00000008   Ven    RO          298    Veneer$$Code        anon$$obj.o
    0x0000203c   0x00000004   Ven    RO          245    x$fpl$fpinit        fpinit.o(fz_t_p.l)
    0x00002040   0x00000018   Code   RO          245    x$fpl$fpinit        fpinit.o(fz_t_p.l)
    0x00002058   0x00000006   Data   RO           92    .constdata          enc_main.o
    0x0000205e   0x00000002   PAD
    0x00002060   0x00000050   Data   RO          130    .constdata          simple_server.o
    0x000020b0   0x00000022   Data   RO          157    .constdata          _printf_longlong_hex.o(c_t__un.l)
    0x000020d2   0x00000011   Data   RO          193    .constdata          __printf.o(c_t__un.l)
    0x000020e3   0x00000001   PAD
    0x000020e4   0x00000020   Data   RO          284    Region$$Table       anon$$obj.o


    Execution Region RW_IRAM1 (Base: 0x40000000, Size: 0x00000b10, Max: 0x00002000, ABSOLUTE)

    Base Addr    Size         Type   Attr      Idx    E Section Name        Object

    0x40000000   0x00000004   Data   RW           26    .data               retarget.o
    0x40000004   0x00000004   Data   RW           70    .data               enc28j60.o
    0x40000008   0x00000010   Data   RW          107    .data               ip_arp_udp_tcp.o
    0x40000018   0x0000002a   Data   RW          129    .data               simple_server.o
    0x40000042   0x00000002   PAD
    0x40000044   0x000005dd   Zero   RW          131    .bss                simple_server.o
    0x40000621   0x00000003   PAD
    0x40000624   0x00000060   Zero   RW          190    .bss                libspace.o(c_t__un.l)
    0x40000684   0x00000004   PAD
    0x40000688   0x00000000   Zero   RW           61    HEAP                startup.o
    0x40000688   0x00000488   Zero   RW           60    STACK               startup.o


================================================================================

Image component sizes


      Code (inc. data)   RO Data    RW Data    ZI Data      Debug   Object Name

      1608         12          0          4          0       4484   enc28j60.o
        28          4          6          0          0        676   enc_main.o
      1676         12          0         16          0       5564   ip_arp_udp_tcp.o
       296         24          0          0          0       5156   main.o
        36          0          0          4          0       2100   retarget.o
        80          4          0          0          0        376   serial.o
      1824        588         80         42       1501       2528   simple_server.o
       320         64          0          0       1160        444   startup.o

    ------------------------------------------------------------------------
      5896        712        120         68       2664      21328   Object Totals
        28          4         32          0          0          0   (incl. Generated)
         0          0          2          2          3          0   (incl. Padding)

    ------------------------------------------------------------------------

      Code (inc. data)   RO Data    RW Data    ZI Data      Debug   Library Member Name

        64         10          0          0          0          0   __0printf.o
         8          0          0          0          0          0   __main.o
       744          4         17          0          0          0   __printf.o
        56          8          0          0          0          0   __scatter.o
        40          0          0          0          0          0   __scatter_copy.o
        44          0          0          0          0          0   __scatter_zi.o
        52          8          0          0          0          0   _printf_char_common.o
        10          0          0          0          0          0   _printf_input_char.o
       168          0          0          0          0          0   _printf_intcommon.o
       204         22         34          0          0          0   _printf_longlong_hex.o
        32          0          0          0          0          0   _printf_outstr_char.o
        12          0          0          0          0          0   boardinit2.o
        16          0          0          0          0          0   boardinit3.o
        16          0          0          0          0          0   callvia.o
        24          0          0          0          0          0   exit.o
        28          0          0          0          0          0   fpinit.o
       104          4          0          0          0          0   kernel.o
       242          4          0          0          0          0   lib_init.o
        12          4          0          0         96          0   libspace.o
         6          0          0          0          0          0   no_argv.o
        16          4          0          0          0          0   rt_fp_status_addr_intlibspace.o
        20          4          0          0          0          0   rt_locale_intlibspace.o
        16          4          0          0          0          0   rt_stackheap_storage_intlibspace.o
        88          0          0          0          0          0   stkheap2.o
        88          6          0          0          0          0   strcpy.o
        80          4          0          0          0          0   strlen.o
        88          4          0          0          0          0   strncmp.o
        96          0          0          0          0          0   sys_stackheap_outer.o
         4          0          0          0          0          0   use_no_semi.o

    ------------------------------------------------------------------------
      2384         90         52          0        100          0   Library Totals
         6          0          1          0          4          0   (incl. Padding)

    ------------------------------------------------------------------------

      Code (inc. data)   RO Data    RW Data    ZI Data      Debug   Library Name

      2334         90         51          0         96          0   c_t__un.l
        28          0          0          0          0          0   fz_t_p.l
        16          0          0          0          0          0   h_t__un.l

    ------------------------------------------------------------------------
      2384         90         52          0        100          0   Library Totals

    ------------------------------------------------------------------------

================================================================================


      Code (inc. data)   RO Data    RW Data    ZI Data      Debug   

      8280        802        172         68       2764      21328   Grand Totals
      8280        802        172         68       2764      21328   Image Totals

================================================================================

    Total RO  Size (Code + RO Data)                 8452 (   8.25kB)
    Total RW  Size (RW Data + ZI Data)              2832 (   2.77kB)
    Total ROM Size (Code + RO Data + RW Data)       8520 (   8.32kB)

================================================================================

