<html>
<body>
<pre>
<h1>µVision3 Build Log</h1>
<h2>Project:</h2>
D:\dzproject\ENC28J60\proc\FireBUll“‘Ã´Õ¯≤‚ ‘≥Ã–Ústm32-keil_0827ok\main\Project.uv2
Project File Date:  03/04/2011

<h2>Output:</h2>
Build target 'FLASH_JLINK'
compiling Retarget.c...
compiling STM32_Init.c...
compiling main.c...
compiling ip_arp_udp_tcp.c...
..\Net\ip_arp_udp_tcp.c(432): warning:  #1293-D: assignment in condition
compiling simple_server.c...
compiling ENC28J60.C...
compiling SPI.C...
assembling STM32F10x.s...
linking...
Program Size: Code=4784 RO-data=348 RW-data=68 ZI-data=2116  
FromELF: creating hex file...
"..\ObjFlash\USART_Pol.axf" - 0 Error(s), 1 Warning(s).
Build target 'FLASH_JLINK'
compiling Retarget.c...
compiling STM32_Init.c...
compiling main.c...
compiling ip_arp_udp_tcp.c...
..\Net\ip_arp_udp_tcp.c(432): warning:  #1293-D: assignment in condition
compiling simple_server.c...
compiling ENC28J60.C...
compiling SPI.C...
assembling STM32F10x.s...
linking...
Program Size: Code=4784 RO-data=348 RW-data=68 ZI-data=2116  
FromELF: creating hex file...
"..\ObjFlash\USART_Pol.axf" - 0 Error(s), 1 Warning(s).
Build target 'FLASH_JLINK'
compiling Retarget.c...
compiling STM32_Init.c...
compiling main.c...
compiling ip_arp_udp_tcp.c...
..\Net\ip_arp_udp_tcp.c(432): warning:  #1293-D: assignment in condition
compiling simple_server.c...
compiling ENC28J60.C...
compiling SPI.C...
assembling STM32F10x.s...
linking...
Program Size: Code=4784 RO-data=348 RW-data=68 ZI-data=2116  
FromELF: creating hex file...
"..\ObjFlash\USART_Pol.axf" - 0 Error(s), 1 Warning(s).
