<html>
<body>
<pre>
<h1>µVision Build Log</h1>
<h2>Project:</h2>
C:\Users\Administrator\Desktop\STM32F4_DISCOVERY_USART1\MyProject.uvproj
Project File Date:  09/02/2013

<h2>Output:</h2>
Build target 'Target 1'
compiling mian.c...
user\src\mian.c(17): warning:  #1-D: last line of file ends without a newline
compiling usart1.c...
compiling changePWM.c...
compiling Direction.c...
linking...
Program Size: Code=5348 RO-data=424 RW-data=44 ZI-data=1028  
FromELF: creating hex file...
".\obj\MyProject.axf" - 0 Errors, 1 Warning(s).
Build target 'Target 1'
compiling mian.c...
compiling changePWM.c...
linking...
Program Size: Code=5348 RO-data=424 RW-data=44 ZI-data=1028  
FromELF: creating hex file...
".\obj\MyProject.axf" - 0 Errors, 0 Warning(s).
