<html>
<body>
<pre>
<h1>礦ision Build Log</h1>
<h2>Project:</h2>
F:\electron\1.all lesson\STM32-NUCLEO-F072RB\8.利用定时器实现6路互补PWM波形输出(可做BLDC应用)\PWM\mdk\STM32F072RBT6-DEMO.uvproj
Project File Date:  11/12/2014

<h2>Output:</h2>
Build target 'STM32F072RBT6-PWM'
assembling startup_stm32f072.s...
compiling stm32f0xx_adc.c...
compiling stm32f0xx_can.c...
compiling stm32f0xx_cec.c...
compiling stm32f0xx_comp.c...
compiling stm32f0xx_crc.c...
compiling stm32f0xx_crs.c...
compiling stm32f0xx_dac.c...
compiling stm32f0xx_dbgmcu.c...
compiling stm32f0xx_dma.c...
compiling stm32f0xx_exti.c...
compiling stm32f0xx_flash.c...
compiling stm32f0xx_gpio.c...
compiling stm32f0xx_i2c.c...
compiling stm32f0xx_iwdg.c...
compiling stm32f0xx_misc.c...
compiling stm32f0xx_pwr.c...
compiling stm32f0xx_rcc.c...
compiling stm32f0xx_rtc.c...
compiling stm32f0xx_spi.c...
compiling stm32f0xx_syscfg.c...
compiling stm32f0xx_tim.c...
compiling stm32f0xx_usart.c...
compiling stm32f0xx_wwdg.c...
compiling LED.C...
compiling SYSTICK.C...
compiling UART.C...
compiling NVIC.C...
compiling KEY.C...
compiling I2C.C...
compiling 24CXX.C...
compiling PWM.C...
compiling main.c...
..\user\main.c(35): warning:  #177-D: variable "i" was declared but never referenced
        unsigned short int  i;   
..\user\main.c: 1 warning, 0 errors
compiling system_stm32f0xx.c...
compiling stm32f0xx_it.c...
linking...
Program Size: Code=8024 RO-data=224 RW-data=56 ZI-data=1024  
FromELF: creating hex file...
".\obj\LED.axf" - 0 Error(s), 1 Warning(s).
</pre>
</body>
</html>
