<html>
<body>
<pre>
<h1>µVision Build Log</h1>
<h2>Project:</h2>
C:\Users\New\Documents\stm32\f072\homekits\MDK-ARM\homekits.uvproj
Project File Date:  01/28/2015

<h2>Output:</h2>
Build target 'homekits Configuration'
linking...
Program Size: Code=19348 RO-data=7072 RW-data=4472 ZI-data=1712  
"homekits Configuration\homekits Configuration.axf" - 0 Error(s), 0 Warning(s).
Load "homekits Configuration\\homekits Configuration.axf" 
Erase Done.
Programming Done.
Verify OK.
Application running ...
Clean started: Project: 'homekits'
   deleting intermediate output files for target 'homekits Configuration'
</pre>
</body>
</html>
 Warning(s).
Target not created
tm32f0xx_hal_rtc_ex.c...
compiling stm32f0xx_hal_tim_ex.c...
compiling stm32f0xx_hal_rcc_ex.c...
compiling stm32f0xx_hal_flash.c...
compiling stm32f0xx_hal_uart.c...
compiling stm32f0xx_hal_pwr.c...
compiling stm32f0xx_hal_rcc.c...
compiling stm32f0xx_hal_cortex.c...
compiling stm32f0xx_hal_tim.c...
compiling stm32f0xx_hal_pwr_ex.c...
compiling stm32f0xx_hal_dma.c...
compiling stm32f0xx_hal_flash_ex.c...
compiling stm32f0xx_hal_rtc.c...
compiling stm32f0xx_hal_uart_ex.c...
compiling stm32f0xx_hal_adc_ex.c...
compiling stm32f0xx_hal_adc.c...
linking...
Program Size: Code=19440 RO-data=7072 RW-data=4472 ZI-data=1712  
"homekits Configuration\homekits Configuration.axf" - 0 Error(s), 0 Warning(s).
