ARM Linker, RVCT4.0 [Build 524] for uVision [Standard]

==============================================================================

Section Cross References

    startup.o(STACK) refers (Special) to heapauxi.o(.text) for __use_two_region_memory
    startup.o(HEAP) refers (Special) to heapauxi.o(.text) for __use_two_region_memory
    startup.o(RESET) refers (Special) to heapauxi.o(.text) for __use_two_region_memory
    startup.o(RESET) refers to startup.o(STACK) for Stack_Top
    startup.o(RESET) refers to __main.o(!!!main) for __main
    startup.o(.text) refers (Special) to heapauxi.o(.text) for __use_two_region_memory
    startup.o(.text) refers to startup.o(HEAP) for Heap_Mem
    startup.o(.text) refers to startup.o(STACK) for Stack_Mem
    main.o(.text) refers (Special) to _printf_dec.o(.text) for _printf_int_dec
    main.o(.text) refers (Special) to _printf_percent.o(.ARM.Collect$$_printf_percent$$00000000) for _printf_percent
    main.o(.text) refers (Special) to _printf_u.o(.ARM.Collect$$_printf_percent$$0000000A) for _printf_u
    main.o(.text) refers to pcd8544.o(.text) for pcd8544_init
    main.o(.text) refers to sys_clock.o(.text) for sys_clock_init
    main.o(.text) refers to timer.o(.text) for timer_set
    main.o(.text) refers to tapdev.o(.text) for tapdev_init
    main.o(.text) refers to uip.o(.text) for uip_init
    main.o(.text) refers to uip_arp.o(.text) for uip_arp_init
    main.o(.text) refers to telnetd.o(.text) for telnetd_init
    main.o(.text) refers to noretval__2sprintf.o(.text) for __2sprintf
    main.o(.text) refers to main.o(.data) for my_mac
    main.o(.text) refers to uip.o(.data) for uip_hostaddr
    main.o(.text) refers to uip.o(.bss) for uip_buf
    main.o(.data) refers (Special) to _printf_dec.o(.text) for _printf_int_dec
    main.o(.data) refers (Special) to _printf_percent.o(.ARM.Collect$$_printf_percent$$00000000) for _printf_percent
    main.o(.data) refers (Special) to _printf_u.o(.ARM.Collect$$_printf_percent$$0000000A) for _printf_u
    sys_clock.o(.text) refers to sys_clock.o(.data) for SYS_TICKS
    shell.o(.text) refers to strlen.o(.text) for strlen
    shell.o(.text) refers to strncmp.o(.text) for strncmp
    shell.o(.text) refers to aeabi_sdiv.o(.text_udiv) for __aeabi_uidivmod
    shell.o(.text) refers to telnetd.o(.text) for shell_output
    shell.o(.text) refers to shell.o(.data) for .data
    shell.o(.data) refers to shell.o(.conststring) for .conststring
    shell.o(.data) refers to shell.o(.text) for help
    shell.o(.data) refers to telnetd.o(.text) for shell_quit
    telnetd.o(.text) refers to memb.o(.text) for memb_alloc
    telnetd.o(.text) refers to strncpy.o(.text) for strncpy
    telnetd.o(.text) refers to strlen.o(.text) for strlen
    telnetd.o(.text) refers to uip.o(.text) for uip_listen
    telnetd.o(.text) refers to shell.o(.text) for shell_init
    telnetd.o(.text) refers to rt_memcpy.o(.text) for __aeabi_memcpy
    telnetd.o(.text) refers to telnetd.o(.data) for .data
    telnetd.o(.text) refers to telnetd.o(.bss) for .bss
    telnetd.o(.text) refers to uip.o(.data) for uip_appdata
    telnetd.o(.data) refers to telnetd.o(.bss) for linemem_memb_count
    pcd8544.o(.text) refers to pcd8544_hal.o(.text) for pcd8544_write_byte
    pcd8544.o(.text) refers to pcd8544.o(.constdata) for font6x8
    enc28j60.o(.text) refers to enc28j60_hal.o(.text) for enc28j60_write_op
    enc28j60.o(.text) refers to enc28j60.o(.data) for .data
    clock-arch.o(.text) refers to sys_clock.o(.data) for SYS_TICKS
    tapdev.o(.text) refers to enc28j60.o(.text) for enc28j60_init
    tapdev.o(.text) refers to uip.o(.bss) for uip_buf
    tapdev.o(.text) refers to uip.o(.data) for uip_len
    psock.o(.text) refers to rt_memcpy.o(.text) for __aeabi_memcpy
    psock.o(.text) refers to uip.o(.text) for uip_send
    psock.o(.text) refers to noretval__2printf.o(.text) for __2printf
    psock.o(.text) refers to uip.o(.data) for uip_flags
    timer.o(.text) refers to clock-arch.o(.text) for clock_time
    uip.o(.text) refers to telnetd.o(.text) for telnetd_appcall
    uip.o(.text) refers to main.o(.text) for uip_log
    uip.o(.text) refers to uip.o(.data) for .data
    uip.o(.text) refers to uip.o(.bss) for uip_buf
    uip.o(.text) refers to uip.o(.constdata) for .constdata
    uip.o(.text) refers to rt_memcpy.o(.text) for __aeabi_memcpy
    uip_arp.o(.text) refers to rt_memcpy.o(.text) for __aeabi_memcpy
    uip_arp.o(.text) refers to aeabi_memset.o(.text) for __aeabi_memset
    uip_arp.o(.text) refers to rt_memclr.o(.text) for __aeabi_memclr
    uip_arp.o(.text) refers to uip_arp.o(.data) for .data
    uip_arp.o(.text) refers to uip_arp.o(.bss) for .bss
    uip_arp.o(.text) refers to uip.o(.data) for uip_len
    uip_arp.o(.text) refers to uip.o(.bss) for uip_buf
    uip_arp.o(.text) refers to uip_arp.o(.constdata) for .constdata
    uip-fw.o(.text) refers to rt_memcpy.o(.text) for __aeabi_memcpy
[...]
    heap2.o(i.___Heap_Valid$realtime) refers to heap2.o(i._FDIterate) for _FDIterate
    heap2.o(i.___Heap_Valid$realtime) refers to heap2.o(.constdata) for .constdata
    heap2.o(i._free$realtime) refers to rt_heap_descriptor_intlibspace.o(.text) for __rt_heap_descriptor
    heap2.o(i._free$realtime) refers to fdtree.o(i._FDTree_Delete) for _FDTree_Delete
    heap2.o(i._free$realtime) refers to fdtree.o(i._FDTree_Insert) for _FDTree_Insert
    heap2.o(i._malloc$realtime) refers to rt_heap_descriptor_intlibspace.o(.text) for __rt_heap_descriptor
    heap2.o(i._malloc$realtime) refers to fdtree.o(i._FDTree_FindFirst) for _FDTree_FindFirst
    heap2.o(i._malloc$realtime) refers to init_alloc.o(.text) for __Heap_Full
    heap2.o(i._malloc$realtime) refers to fdtree.o(i._FDTree_RemoveNode) for _FDTree_RemoveNode
    heap2.o(i._malloc$realtime) refers to fdtree.o(i._FDTree_Insert) for _FDTree_Insert
    heap2.o(i._realloc$realtime) refers to rt_heap_descriptor_intlibspace.o(.text) for __rt_heap_descriptor
    heap2.o(i._realloc$realtime) refers to h1_free.o(.text) for free
    heap2.o(i._realloc$realtime) refers to h1_alloc.o(.text) for malloc
    heap2.o(i._realloc$realtime) refers to fdtree.o(i._FDTree_Delete) for _FDTree_Delete
    heap2.o(i._realloc$realtime) refers to fdtree.o(i._FDTree_Insert) for _FDTree_Insert
    heap2.o(i._realloc$realtime) refers to rt_memcpy_w.o(.text) for __aeabi_memcpy4
    heap2mt.o(i._FDIterate) refers to heap2.o(i.__ARM_common_call_via_r7) for __ARM_common_call_via_r7
    heap2mt.o(i._FDIterate) refers to heap2mt.o(.constdata) for .constdata
    heap2mt.o(i.___Heap_Initialize$realtime$concurrent) refers to mutex_dummy.o(.text) for _mutex_initialize
    heap2mt.o(i.___Heap_ProvideMemory$realtime$concurrent) refers to fdtree.o(i._FDTree_Delete) for _FDTree_Delete
    heap2mt.o(i.___Heap_ProvideMemory$realtime$concurrent) refers to fdtree.o(i._FDTree_Insert) for _FDTree_Insert
    heap2mt.o(i.___Heap_Stats$realtime$concurrent) refers to heap2mt.o(i._Heap2_StatsIterate) for _Heap2_StatsIterate
    heap2mt.o(i.___Heap_Stats$realtime$concurrent) refers to aeabi_sdiv.o(.text_udiv) for __aeabi_uidivmod
    heap2mt.o(i.___Heap_Stats$realtime$concurrent) refers to heap2.o(i.__ARM_common_call_via_r5) for __ARM_common_call_via_r5
    heap2mt.o(i.___Heap_Valid$realtime$concurrent) refers to heap2.o(i.__ARM_common_call_via_r6) for __ARM_common_call_via_r6
    heap2mt.o(i.___Heap_Valid$realtime$concurrent) refers to heap2mt.o(i._FDIterate) for _FDIterate
    heap2mt.o(i.___Heap_Valid$realtime$concurrent) refers to heap2mt.o(.constdata) for .constdata
    heap2mt.o(i._free$realtime$concurrent) refers to rt_heap_descriptor_intlibspace.o(.text) for __rt_heap_descriptor
    heap2mt.o(i._free$realtime$concurrent) refers to fdtree.o(i._FDTree_Delete) for _FDTree_Delete
    heap2mt.o(i._free$realtime$concurrent) refers to fdtree.o(i._FDTree_Insert) for _FDTree_Insert
    heap2mt.o(i._malloc$realtime$concurrent) refers to rt_heap_descriptor_intlibspace.o(.text) for __rt_heap_descriptor
    heap2mt.o(i._malloc$realtime$concurrent) refers to fdtree.o(i._FDTree_FindFirst) for _FDTree_FindFirst
    heap2mt.o(i._malloc$realtime$concurrent) refers to init_alloc.o(.text) for __Heap_Full
    heap2mt.o(i._malloc$realtime$concurrent) refers to fdtree.o(i._FDTree_RemoveNode) for _FDTree_RemoveNode
    heap2mt.o(i._malloc$realtime$concurrent) refers to fdtree.o(i._FDTree_Insert) for _FDTree_Insert
    heap2mt.o(i._realloc$realtime$concurrent) refers to rt_heap_descriptor_intlibspace.o(.text) for __rt_heap_descriptor
    heap2mt.o(i._realloc$realtime$concurrent) refers to h1_free.o(.text) for free
    heap2mt.o(i._realloc$realtime$concurrent) refers to h1_alloc.o(.text) for malloc
    heap2mt.o(i._realloc$realtime$concurrent) refers to fdtree.o(i._FDTree_Delete) for _FDTree_Delete
    heap2mt.o(i._realloc$realtime$concurrent) refers to fdtree.o(i._FDTree_Insert) for _FDTree_Insert
    heap2mt.o(i._realloc$realtime$concurrent) refers to rt_memcpy_w.o(.text) for __aeabi_memcpy4
    stdio.o(.text) refers to sys_io.o(.text) for _sys_seek
    fwritefast.o(.text) refers to stdio.o(.text) for _writebuf
    fwritefast.o(.text) refers to flsbuf.o(.text) for __flsbuf_byte
    fwritefast.o(.text) refers to rt_memcpy.o(.text) for __aeabi_memcpy
    streamlock.o(.data) refers (Special) to initio.o(.text) for _initio
    fopen.o(.text) refers to fclose.o(.text) for _fclose_internal
    fopen.o(.text) refers to sys_io.o(.text) for _sys_open
    fopen.o(.text) refers to fseek.o(.text) for _fseek
    fopen.o(.text) refers to h1_alloc.o(.text) for malloc
    fopen.o(.text) refers to rt_memclr_w.o(.text) for __aeabi_memclr4
    fopen.o(.text) refers to stdio_streams.o(.bss) for __stdin
    fclose.o(.text) refers to stdio.o(.text) for _fflush
    fclose.o(.text) refers to sys_io.o(.text) for _sys_close
    fclose.o(.text) refers to h1_free.o(.text) for free
    fclose.o(.text) refers to rt_memclr_w.o(.text) for __aeabi_memclr4
    fclose_locked.o(.text) refers to fclose.o(.text) for _fclose_internal
    fopen_locked.o(.text) refers to fclose.o(.text) for _fclose_internal
    fopen_locked.o(.text) refers to sys_io.o(.text) for _sys_open
    fopen_locked.o(.text) refers to fseek.o(.text) for _fseek
    fopen_locked.o(.text) refers to h1_alloc.o(.text) for malloc
    fopen_locked.o(.text) refers to rt_memclr_w.o(.text) for __aeabi_memclr4
    fopen_locked.o(.text) refers to mutex_dummy.o(.text) for _mutex_initialize
    fopen_locked.o(.text) refers to fopen.o(.text) for freopen
    fopen_locked.o(.text) refers to streamlock.o(.data) for _stream_list_lock
    fopen_locked.o(.text) refers to stdio_streams.o(.bss) for __stdin
    fwritefast_locked.o(.text) refers to stdio.o(.text) for _writebuf
    fwritefast_locked.o(.text) refers to flsbuf.o(.text) for __flsbuf_byte
    fwritefast_locked.o(.text) refers to rt_memcpy.o(.text) for __aeabi_memcpy
    exit.o(.text) refers to rtexit.o(.ARM.Collect$$rtexit$$00000000) for __rt_exit
    defsig_fpe_outer.o(.text) refers to defsig_fpe_inner.o(.text) for __rt_SIGFPE_inner
    defsig_fpe_outer.o(.text) refers to defsig_exit.o(.text) for __sig_exit
    defsig_fpe_formal.o(.text) refers to rt_raise.o(.text) for __rt_raise
    defsig_rtred_outer.o(.text) refers to defsig_rtred_inner.o(.text) for __rt_SIGRTRED_inner
    defsig_rtred_outer.o(.text) refers to defsig_exit.o(.text) for __sig_exit
    defsig_rtred_formal.o(.text) refers to rt_raise.o(.text) for __rt_raise
    assert_stdio.o(.text) refers to fputs.o(.text) for fputs
    assert_stdio.o(.text) refers to fflush.o(.text) for fflush
    assert_stdio.o(.text) refers to stdio_streams.o(.bss) for __stderr
    libinit.o(.ARM.Collect$$libinit$$00000000) refers (Special) to libinit2.o(.ARM.Collect$$libinit$$0000002A) for __rt_lib_init_alloca_1
    libinit.o(.ARM.Collect$$libinit$$00000000) refers (Special) to libinit2.o(.ARM.Collect$$libinit$$00000028) for __rt_lib_init_argv_1
    libinit.o(.ARM.Collect$$libinit$$00000000) refers (Special) to libinit2.o(.ARM.Collect$$libinit$$00000017) for __rt_lib_init_atexit_1
    libinit.o(.ARM.Collect$$libinit$$00000000) refers (Special) to libinit2.o(.ARM.Collect$$libinit$$0000001D) for __rt_lib_init_clock_1
    libinit.o(.ARM.Collect$$libinit$$00000000) refers (Special) to libinit2.o(.ARM.Collect$$libinit$$0000002E) for __rt_lib_init_cpp_1
    libinit.o(.ARM.Collect$$libinit$$00000000) refers (Special) to libinit2.o(.ARM.Collect$$libinit$$0000002C) for __rt_lib_init_exceptions_1
    libinit.o(.ARM.Collect$$libinit$$00000000) refers (Special) to libinit2.o(.ARM.Collect$$libinit$$0000001B) for __rt_lib_init_fp_trap_1
    libinit.o(.ARM.Collect$$libinit$$00000000) refers (Special) to libinit2.o(.ARM.Collect$$libinit$$0000001F) for __rt_lib_init_getenv_1
    libinit.o(.ARM.Collect$$libinit$$00000000) refers (Special) to libinit2.o(.ARM.Collect$$libinit$$00000006) for __rt_lib_init_heap_1
    libinit.o(.ARM.Collect$$libinit$$00000000) refers (Special) to libinit2.o(.ARM.Collect$$libinit$$0000000D) for __rt_lib_init_lc_collate_1
    libinit.o(.ARM.Collect$$libinit$$00000000) refers (Special) to libinit2.o(.ARM.Collect$$libinit$$0000000F) for __rt_lib_init_lc_ctype_1
    libinit.o(.ARM.Collect$$libinit$$00000000) refers (Special) to libinit2.o(.ARM.Collect$$libinit$$00000011) for __rt_lib_init_lc_monetary_1
    libinit.o(.ARM.Collect$$libinit$$00000000) refers (Special) to libinit2.o(.ARM.Collect$$libinit$$00000013) for __rt_lib_init_lc_numeric_1
    libinit.o(.ARM.Collect$$libinit$$00000000) refers (Special) to libinit2.o(.ARM.Collect$$libinit$$00000015) for __rt_lib_init_lc_time_1
    libinit.o(.ARM.Collect$$libinit$$00000000) refers (Special) to libinit2.o(.ARM.Collect$$libinit$$0000000A) for __rt_lib_init_rand_1
    libinit.o(.ARM.Collect$$libinit$$00000000) refers (Special) to libinit2.o(.ARM.Collect$$libinit$$0000002F) for __rt_lib_init_return
    libinit.o(.ARM.Collect$$libinit$$00000000) refers (Special) to libinit2.o(.ARM.Collect$$libinit$$00000019) for __rt_lib_init_signal_1
    libinit.o(.ARM.Collect$$libinit$$00000000) refers (Special) to libinit2.o(.ARM.Collect$$libinit$$00000021) for __rt_lib_init_stdio_1
    libinit.o(.ARM.Collect$$libinit$$00000000) refers (Special) to libinit2.o(.ARM.Collect$$libinit$$00000008) for __rt_lib_init_user_alloc_1
    libinit.o(.ARM.Collect$$libinit$$00000000) refers to fpinit.o(x$fpl$fpinit) for _fp_init
    libinit2.o(.ARM.Collect$$libinit$$00000001) refers (Weak) to init_alloc.o(.text) for _init_alloc
    libinit2.o(.ARM.Collect$$libinit$$0000000C) refers to libinit2.o(.ARM.Collect$$libinit$$0000000B) for .ARM.Collect$$libinit$$0000000B
    libinit2.o(.ARM.Collect$$libinit$$0000000E) refers to libinit2.o(.ARM.Collect$$libinit$$0000000B) for .ARM.Collect$$libinit$$0000000B
    libinit2.o(.ARM.Collect$$libinit$$00000010) refers to libinit2.o(.ARM.Collect$$libinit$$0000000B) for .ARM.Collect$$libinit$$0000000B
    libinit2.o(.ARM.Collect$$libinit$$00000012) refers to libinit2.o(.ARM.Collect$$libinit$$0000000B) for .ARM.Collect$$libinit$$0000000B
    libinit2.o(.ARM.Collect$$libinit$$00000014) refers to libinit2.o(.ARM.Collect$$libinit$$0000000B) for .ARM.Collect$$libinit$$0000000B
    libinit2.o(.ARM.Collect$$libinit$$00000020) refers (Weak) to initio.o(.text) for _initio
    libinit2.o(.ARM.Collect$$libinit$$00000022) refers to argv_veneer.o(.emb_text) for __ARM_argv_veneer
    libinit2.o(.ARM.Collect$$libinit$$00000023) refers to argv_veneer.o(.emb_text) for __ARM_argv_veneer
    libshutdown2.o(.ARM.Collect$$libshutdown$$00000002) refers (Weak) to initio.o(.text) for _terminateio
    libshutdown2.o(.ARM.Collect$$libshutdown$$0000000C) refers (Weak) to term_alloc.o(.text) for _terminate_alloc
    libspace.o(.text) refers to libspace.o(.bss) for __libspace_start
    rtexit.o(.ARM.Collect$$rtexit$$00000000) refers (Special) to rtexit2.o(.ARM.Collect$$rtexit$$00000004) for __rt_exit_exit
    rtexit.o(.ARM.Collect$$rtexit$$00000000) refers (Special) to rtexit2.o(.ARM.Collect$$rtexit$$00000003) for __rt_exit_ls
    rtexit.o(.ARM.Collect$$rtexit$$00000000) refers (Special) to rtexit2.o(.ARM.Collect$$rtexit$$00000002) for __rt_exit_prels_1
    rtexit.o(.ARM.exidx) refers (Special) to rtexit2.o(.ARM.Collect$$rtexit$$00000004) for __rt_exit_exit
    rtexit.o(.ARM.exidx) refers (Special) to rtexit2.o(.ARM.Collect$$rtexit$$00000003) for __rt_exit_ls
    rtexit.o(.ARM.exidx) refers (Special) to rtexit2.o(.ARM.Collect$$rtexit$$00000002) for __rt_exit_prels_1
    rtexit.o(.ARM.exidx) refers to rtexit.o(.ARM.Collect$$rtexit$$00000000) for .ARM.Collect$$rtexit$$00000000
    rt_raise.o(.text) refers to __raise.o(.text) for __raise
    rt_raise.o(.text) refers to sys_exit.o(.text) for _sys_exit
    rt_heap_descriptor.o(.text) refers to rt_heap_descriptor.o(.bss) for __rt_heap_descriptor_data
    rt_heap_descriptor_intlibspace.o(.text) refers to libspace.o(.bss) for __libspace_start
    init_alloc.o(.text) refers (Special) to hguard.o(.text) for __heap$guard
    init_alloc.o(.text) refers (Special) to libinit2.o(.ARM.Collect$$libinit$$00000001) for __rt_lib_init_heap_2
    init_alloc.o(.text) refers (Special) to maybetermalloc1.o(.emb_text) for _maybe_terminate_alloc
    init_alloc.o(.text) refers to h1_extend.o(.text) for __Heap_ProvideMemory
    init_alloc.o(.text) refers to defsig_rtmem_outer.o(.text) for __rt_SIGRTMEM
    init_alloc.o(.text) refers to rt_heap_descriptor_intlibspace.o(.text) for __rt_heap_descriptor
    init_alloc.o(.text) refers to h1_init.o(.text) for __Heap_Initialize
    h1_init_mt.o(.text) refers to mutex_dummy.o(.text) for _mutex_initialize
    fflush.o(.text) refers to stdio.o(.text) for _fflush
    fflush.o(.text) refers to fseek.o(.text) for _fseek
    fflush.o(.text) refers to stdio_streams.o(.bss) for __stdin
    fputs.o(.text) refers to fputc.o(i.fputc) for fputc
    fseek.o(.text) refers to sys_io.o(.text) for _sys_istty
    fseek.o(.text) refers to stdio.o(.text) for _seterr
    fseek.o(.text) refers to ftell.o(.text) for _ftell_internal
    fflush_locked.o(.text) refers to stdio.o(.text) for _fflush
    fflush_locked.o(.text) refers to fseek.o(.text) for _fseek
    fflush_locked.o(.text) refers to fflush.o(.text) for _do_fflush
    fflush_locked.o(.text) refers to streamlock.o(.data) for _stream_list_lock
    fflush_locked.o(.text) refers to stdio_streams.o(.bss) for __stdin
    defsig_exit.o(.text) refers to sys_exit.o(.text) for _sys_exit
    defsig_fpe_inner.o(.text) refers to defsig_general.o(.text) for __default_signal_display
    defsig_rtred_inner.o(.text) refers to defsig_general.o(.text) for __default_signal_display
    _get_argv.o(.text) refers (Special) to hrguard.o(.text) for __heap_region$guard
    _get_argv.o(.text) refers to h1_alloc.o(.text) for malloc
    _get_argv.o(.text) refers to defsig_rtmem_outer.o(.text) for __rt_SIGRTMEM
    _get_argv.o(.text) refers to sys_command.o(.text) for _sys_command_string
    argv_veneer.o(.emb_text) refers to no_argv.o(.text) for __ARM_get_argv
    sys_command.o(.text) refers (Special) to use_no_semi.o(.text) for __I$use$semihosting
    sys_exit.o(.text) refers to use_no_semi.o(.text) for __I$use$semihosting
    rtexit2.o(.ARM.Collect$$rtexit$$00000003) refers to libshutdown.o(.ARM.Collect$$libshutdown$$00000000) for __rt_lib_shutdown
    rtexit2.o(.ARM.Collect$$rtexit$$00000004) refers to sys_exit.o(.text) for _sys_exit
    rtexit2.o(.ARM.exidx) refers to rtexit2.o(.ARM.Collect$$rtexit$$00000001) for .ARM.Collect$$rtexit$$00000001
    rtexit2.o(.ARM.exidx) refers to rtexit2.o(.ARM.Collect$$rtexit$$00000002) for .ARM.Collect$$rtexit$$00000002
    rtexit2.o(.ARM.exidx) refers to rtexit2.o(.ARM.Collect$$rtexit$$00000003) for .ARM.Collect$$rtexit$$00000003
    rtexit2.o(.ARM.exidx) refers to rtexit2.o(.ARM.Collect$$rtexit$$00000004) for .ARM.Collect$$rtexit$$00000004
    maybetermalloc2.o(.emb_text) refers to term_alloc.o(.text) for _terminate_alloc
    h1_extend.o(.text) refers to h1_free.o(.text) for free
    h1_extend_mt.o(.text) refers to h1_free_mt.o(.text) for _free_internal
    ftell.o(.text) refers to rt_errno_addr_intlibspace.o(.text) for __aeabi_errno_addr
    __raise.o(.text) refers to defsig.o(CL$$defsig) for __default_signal_handler
    __raise.o(.text) refers to __printf.o(i.__ARM_common_call_via_r2) for __ARM_common_call_via_r2
    defsig_general.o(.text) refers to sys_wrch.o(.text) for _ttywrch
    defsig_rtmem_outer.o(.text) refers to defsig_rtmem_inner.o(.text) for __rt_SIGRTMEM_inner
    defsig_rtmem_outer.o(.text) refers to defsig_exit.o(.text) for __sig_exit
    defsig_rtmem_formal.o(.text) refers to rt_raise.o(.text) for __rt_raise
    heapauxa.o(.text) refers to heapauxa.o(.data) for .data
    _get_argv_nomalloc.o(.text) refers (Special) to hrguard.o(.text) for __heap_region$guard
    _get_argv_nomalloc.o(.text) refers to defsig_rtmem_outer.o(.text) for __rt_SIGRTMEM
    _get_argv_nomalloc.o(.text) refers to sys_command.o(.text) for _sys_command_string
    sys_wrch.o(.text) refers (Special) to use_no_semi.o(.text) for __I$use$semihosting
    rt_errno_addr.o(.text) refers to rt_errno_addr.o(.bss) for __aeabi_errno_addr_data
    rt_errno_addr_intlibspace.o(.text) refers to libspace.o(.bss) for __libspace_start
    term_alloc.o(.text) refers (Special) to libshutdown2.o(.ARM.Collect$$libshutdown$$0000000D) for __rt_lib_shutdown_heap_2
    term_alloc.o(.text) refers to rt_heap_descriptor_intlibspace.o(.text) for __rt_heap_descriptor
    defsig_rtmem_inner.o(.text) refers to defsig_general.o(.text) for __default_signal_display
    defsig.o(CL$$defsig) refers to defsig_fpe_inner.o(.text) for __rt_SIGFPE_inner
    defsig.o(CL$$defsig) refers to defsig_rtred_inner.o(.text) for __rt_SIGRTRED_inner
    defsig.o(CL$$defsig) refers to defsig_rtmem_inner.o(.text) for __rt_SIGRTMEM_inner
    libshutdown.o(.ARM.Collect$$libshutdown$$00000000) refers (Special) to libshutdown2.o(.ARM.Collect$$libshutdown$$00000006) for __rt_lib_shutdown_fp_trap_1
    libshutdown.o(.ARM.Collect$$libshutdown$$00000000) refers (Special) to libshutdown2.o(.ARM.Collect$$libshutdown$$0000000E) for __rt_lib_shutdown_heap_1
    libshutdown.o(.ARM.Collect$$libshutdown$$00000000) refers (Special) to libshutdown2.o(.ARM.Collect$$libshutdown$$0000000F) for __rt_lib_shutdown_return
    libshutdown.o(.ARM.Collect$$libshutdown$$00000000) refers (Special) to libshutdown2.o(.ARM.Collect$$libshutdown$$00000009) for __rt_lib_shutdown_signal_1
    libshutdown.o(.ARM.Collect$$libshutdown$$00000000) refers (Special) to libshutdown2.o(.ARM.Collect$$libshutdown$$00000003) for __rt_lib_shutdown_stdio_1
    libshutdown.o(.ARM.Collect$$libshutdown$$00000000) refers (Special) to libshutdown2.o(.ARM.Collect$$libshutdown$$0000000B) for __rt_lib_shutdown_user_alloc_1
    defsig_abrt_inner.o(.text) refers to defsig_general.o(.text) for __default_signal_display
    defsig_stak_inner.o(.text) refers to defsig_general.o(.text) for __default_signal_display
    defsig_pvfn_inner.o(.text) refers to defsig_general.o(.text) for __default_signal_display
    defsig_cppl_inner.o(.text) refers to defsig_general.o(.text) for __default_signal_display
    defsig_segv_inner.o(.text) refers to defsig_general.o(.text) for __default_signal_display
    defsig_other.o(.text) refers to defsig_general.o(.text) for __default_signal_display


==============================================================================

Removing Unused input sections from the image.

    Removing rtc.o(.text), (324 bytes).
    Removing psock.o(.text), (2004 bytes).
    Removing uip-fw.o(.text), (1356 bytes).
    Removing uip-fw.o(.bss), (28 bytes).
    Removing uip-fw.o(.data), (8 bytes).
    Removing uiplib.o(.text), (180 bytes).
    Removing uip-neighbor.o(.text), (600 bytes).
    Removing uip-neighbor.o(.bss), (96 bytes).

8 unused section(s) (total 4596 bytes) removed from the image.

==============================================================================

Adding Veneers to the image

    Adding TA veneer (4 bytes, Inline) for call to '_printf_percent' from __printf.o(.text).
    Adding AT veneer (8 bytes, Inline) for call to '__rt_lib_init' from rtentry2.o(.ARM.Collect$$rtentry$$0000000A).
    Adding AT veneer (8 bytes, Inline) for call to '__rt_lib_shutdown' from rtexit2.o(.ARM.Collect$$rtexit$$00000003).
    Adding TA veneer (4 bytes, Inline) for call to '__rt_exit' from exit.o(.text).
    Adding AT veneer (8 bytes, Inline) for call to '__2sprintf' from main.o(.text).
    Adding AT veneer (8 bytes, Inline) for call to '_printf_int_dec' from _printf_u.o(.ARM.Collect$$_printf_percent$$0000000A).
    Adding AT veneer (8 bytes, Inline) for call to 'strncmp' from shell.o(.text).
    Adding AT veneer (8 bytes, Inline) for call to 'strlen' from shell.o(.text).
    Adding TA veneer (4 bytes, Inline) for call to '__rt_udiv10' from _printf_dec.o(.text).
    Adding TA veneer (4 bytes, Inline) for call to '_fp_init' from libinit.o(.ARM.Collect$$libinit$$00000000).

10 Veneer(s) (total 64 bytes) added to the image.

==============================================================================

Image Symbol Table

    Local Symbols

    Symbol Name                              Value     Ov Type        Size  Object(Section)

    RESET                                    0x00000000   Section      272  startup.o(RESET)
    ../../angel/boardlib.s                   0x00000000   Number         0  boardinit2.o ABSOLUTE
    ../../angel/boardlib.s                   0x00000000   Number         0  boardinit1.o ABSOLUTE
    ../../angel/boardlib.s                   0x00000000   Number         0  boardshut.o ABSOLUTE
    ../../angel/boardlib.s                   0x00000000   Number         0  boardinit3.o ABSOLUTE
    ../../angel/handlers.s                   0x00000000   Number         0  __scatter_zi.o ABSOLUTE
    ../../angel/handlers.s                   0x00000000   Number         0  __scatter_copy.o ABSOLUTE
    ../../angel/kernel.s                     0x00000000   Number         0  rtexit.o ABSOLUTE
    ../../angel/kernel.s                     0x00000000   Number         0  rtentry.o ABSOLUTE
    ../../angel/kernel.s                     0x00000000   Number         0  rtentry4.o ABSOLUTE
    ../../angel/kernel.s                     0x00000000   Number         0  rtentry2.o ABSOLUTE
    ../../angel/kernel.s                     0x00000000   Number         0  rtexit2.o ABSOLUTE
    ../../angel/rt.s                         0x00000000   Number         0  rt_errno_addr_intlibspace.o ABSOLUTE
    ../../angel/rt.s                         0x00000000   Number         0  rt_raise.o ABSOLUTE
    ../../angel/rt.s                         0x00000000   Number         0  rt_heap_descriptor.o ABSOLUTE
    ../../angel/rt.s                         0x00000000   Number         0  rt_heap_descriptor_intlibspace.o ABSOLUTE
    ../../angel/rt.s                         0x00000000   Number         0  rt_div0.o ABSOLUTE
    ../../angel/rt.s                         0x00000000   Number         0  rt_errno_addr.o ABSOLUTE
    ../../angel/rt.s                         0x00000000   Number         0  aeabi_idiv0.o ABSOLUTE
    ../../angel/rt.s                         0x00000000   Number         0  aeabi_idiv0_sigfpe.o ABSOLUTE
    ../../angel/scatter.s                    0x00000000   Number         0  __scatter.o ABSOLUTE
    ../../angel/startup.s                    0x00000000   Number         0  __main.o ABSOLUTE
    ../../angel/sys.s                        0x00000000   Number         0  mutex_dummy.o ABSOLUTE
    ../../angel/sys.s                        0x00000000   Number         0  sys_stackheap_outer.o ABSOLUTE
    ../../angel/sys.s                        0x00000000   Number         0  sys_exit.o ABSOLUTE
    ../../angel/sys.s                        0x00000000   Number         0  use_no_semi.o ABSOLUTE
    ../../angel/sys.s                        0x00000000   Number         0  libspace.o ABSOLUTE
    ../../angel/sysapp.c                     0x00000000   Number         0  sys_command.o ABSOLUTE
    ../../angel/sysapp.c                     0x00000000   Number         0  sys_io.o ABSOLUTE
    ../../angel/sysapp.c                     0x00000000   Number         0  sys_wrch.o ABSOLUTE
    ../../armsys.c                           0x00000000   Number         0  no_argv.o ABSOLUTE
    ../../armsys.c                           0x00000000   Number         0  _get_argv_nomalloc.o ABSOLUTE
    ../../armsys.c                           0x00000000   Number         0  _get_argv.o ABSOLUTE
    ../../armsys.c                           0x00000000   Number         0  argv_veneer.o ABSOLUTE
    ../../armsys.c                           0x00000000   Number         0  argv_veneer.o ABSOLUTE
    ../../assert.c                           0x00000000   Number         0  assert_stdio.o ABSOLUTE
    ../../division.s                         0x00000000   Number         0  aeabi_sdiv.o ABSOLUTE
    ../../division.s                         0x00000000   Number         0  aeabi_sdiv_div0.o ABSOLUTE
    ../../division.s                         0x00000000   Number         0  rtudiv10.o ABSOLUTE
    ../../divrt.s                            0x00000000   Number         0  divrt_7tdmi_div0.o ABSOLUTE
    ../../divrt.s                            0x00000000   Number         0  divrt_7tdmi.o ABSOLUTE
    ../../fpinit.s                           0x00000000   Number         0  fpinit.o ABSOLUTE
    ../../heap1.c                            0x00000000   Number         0  h1_final_mt.o ABSOLUTE
    ../../heap1.c                            0x00000000   Number         0  h1_final.o ABSOLUTE
    ../../heap1.c                            0x00000000   Number         0  h1_free_mt.o ABSOLUTE
    ../../heap1.c                            0x00000000   Number         0  h1_alloc_mt.o ABSOLUTE
    ../../heap1.c                            0x00000000   Number         0  h1_free.o ABSOLUTE
    ../../heap1.c                            0x00000000   Number         0  h1_alloc.o ABSOLUTE
    ../../heap1.c                            0x00000000   Number         0  h1_extend.o ABSOLUTE
    ../../heap1.c                            0x00000000   Number         0  h1_init_mt.o ABSOLUTE
    ../../heap1.c                            0x00000000   Number         0  h1_init.o ABSOLUTE
    ../../heap1.c                            0x00000000   Number         0  h1_extend_mt.o ABSOLUTE
    ../../heap2.c                            0x00000000   Number         0  heap2mt.o ABSOLUTE
    ../../heap2.c                            0x00000000   Number         0  heap2.o ABSOLUTE
    ../../heap2.c                            0x00000000   Number         0  fdtree.o ABSOLUTE
    ../../heapalloc.c                        0x00000000   Number         0  maybetermalloc1.o ABSOLUTE
    ../../heapalloc.c                        0x00000000   Number         0  heapstubs.o ABSOLUTE
    ../../heapalloc.c                        0x00000000   Number         0  free.o ABSOLUTE
    ../../heapalloc.c                        0x00000000   Number         0  malloc.o ABSOLUTE
    ../../heapalloc.c                        0x00000000   Number         0  maybetermalloc2.o ABSOLUTE
    ../../heapalloc.c                        0x00000000   Number         0  init_alloc.o ABSOLUTE
    ../../heapalloc.c                        0x00000000   Number         0  hguard.o ABSOLUTE
    ../../heapalloc.c                        0x00000000   Number         0  maybetermalloc2.o ABSOLUTE
    ../../heapalloc.c                        0x00000000   Number         0  maybetermalloc1.o ABSOLUTE
    ../../heapalloc.c                        0x00000000   Number         0  hrguard.o ABSOLUTE
    ../../heapalloc.c                        0x00000000   Number         0  term_alloc.o ABSOLUTE
    ../../heapaux.c                          0x00000000   Number         0  heapauxa.o ABSOLUTE
    ../../heapaux.c                          0x00000000   Number         0  heapauxi.o ABSOLUTE
    ../../libinit.s                          0x00000000   Number         0  libshutdown2.o ABSOLUTE
    ../../libinit.s                          0x00000000   Number         0  libinit2.o ABSOLUTE
    ../../libinit.s                          0x00000000   Number         0  libinit.o ABSOLUTE
    ../../libinit.s                          0x00000000   Number         0  libshutdown.o ABSOLUTE
    ../../memcpset.s                         0x00000000   Number         0  rt_memclr.o ABSOLUTE
    ../../memcpset.s                         0x00000000   Number         0  rt_memclr_w.o ABSOLUTE
    ../../memcpset.s                         0x00000000   Number         0  rt_memcpy_w.o ABSOLUTE
    ../../memcpset.s                         0x00000000   Number         0  strncpy.o ABSOLUTE
    ../../memcpset.s                         0x00000000   Number         0  aeabi_memset.o ABSOLUTE
    ../../memcpset.s                         0x00000000   Number         0  rt_memcpy.o ABSOLUTE
    ../../printf.c                           0x00000000   Number         0  __2printf.o ABSOLUTE
    ../../printf.c                           0x00000000   Number         0  noretval__2sprintf.o ABSOLUTE
    ../../printf.c                           0x00000000   Number         0  __printf_ss.o ABSOLUTE
    ../../printf.c                           0x00000000   Number         0  __printf.o ABSOLUTE
    ../../printf.c                           0x00000000   Number         0  __printf_flags_ss.o ABSOLUTE
    ../../printf.c                           0x00000000   Number         0  __printf_wp.o ABSOLUTE
    ../../printf.c                           0x00000000   Number         0  _printf_dec.o ABSOLUTE
    ../../printf.c                           0x00000000   Number         0  __printf_flags_wp.o ABSOLUTE
    ../../printf.c                           0x00000000   Number         0  __printf_flags.o ABSOLUTE
    ../../printf.c                           0x00000000   Number         0  __printf_flags_ss_wp.o ABSOLUTE
    ../../printf.c                           0x00000000   Number         0  __printf_nopercent.o ABSOLUTE
    ../../printf.c                           0x00000000   Number         0  _printf_char_common.o ABSOLUTE
    ../../printf.c                           0x00000000   Number         0  __2sprintf.o ABSOLUTE
    ../../printf.c                           0x00000000   Number         0  noretval__2printf.o ABSOLUTE
    ../../printf.c                           0x00000000   Number         0  _printf_intcommon.o ABSOLUTE
    ../../printf.c                           0x00000000   Number         0  _sputc.o ABSOLUTE
    ../../printf.c                           0x00000000   Number         0  __printf_ss_wp.o ABSOLUTE
    ../../printf_percent.s                   0x00000000   Number         0  _printf_u.o ABSOLUTE
    ../../printf_percent.s                   0x00000000   Number         0  _printf_percent.o ABSOLUTE
    ../../printf_percent.s                   0x00000000   Number         0  _printf_percent_end.o ABSOLUTE
    ../../signal.c                           0x00000000   Number         0  defsig_rtmem_formal.o ABSOLUTE
    ../../signal.c                           0x00000000   Number         0  defsig_rtmem_outer.o ABSOLUTE
    ../../signal.c                           0x00000000   Number         0  defsig_fpe_formal.o ABSOLUTE
    ../../signal.c                           0x00000000   Number         0  defsig_rtred_outer.o ABSOLUTE
    ../../signal.c                           0x00000000   Number         0  defsig_rtred_formal.o ABSOLUTE
    ../../signal.c                           0x00000000   Number         0  defsig_fpe_outer.o ABSOLUTE
    ../../signal.c                           0x00000000   Number         0  defsig_general.o ABSOLUTE
    ../../signal.c                           0x00000000   Number         0  defsig_rtred_inner.o ABSOLUTE
    ../../signal.c                           0x00000000   Number         0  defsig_exit.o ABSOLUTE
    ../../signal.c                           0x00000000   Number         0  defsig_fpe_inner.o ABSOLUTE
    ../../signal.c                           0x00000000   Number         0  defsig_cppl_inner.o ABSOLUTE
    ../../signal.c                           0x00000000   Number         0  defsig_pvfn_inner.o ABSOLUTE
    ../../signal.c                           0x00000000   Number         0  defsig_rtmem_inner.o ABSOLUTE
    ../../signal.c                           0x00000000   Number         0  defsig_stak_inner.o ABSOLUTE
    ../../signal.c                           0x00000000   Number         0  defsig_abrt_inner.o ABSOLUTE
    ../../signal.c                           0x00000000   Number         0  __raise.o ABSOLUTE
    ../../signal.c                           0x00000000   Number         0  defsig_segv_inner.o ABSOLUTE
    ../../signal.c                           0x00000000   Number         0  defsig_other.o ABSOLUTE
    ../../signal.s                           0x00000000   Number         0  defsig.o ABSOLUTE
    ../../stdio.c                            0x00000000   Number         0  fputc_locked.o ABSOLUTE
    ../../stdio.c                            0x00000000   Number         0  ferror_locked.o ABSOLUTE
    ../../stdio.c                            0x00000000   Number         0  fclose.o ABSOLUTE
    ../../stdio.c                            0x00000000   Number         0  fputs.o ABSOLUTE
    ../../stdio.c                            0x00000000   Number         0  fseek.o ABSOLUTE
    ../../stdio.c                            0x00000000   Number         0  fflush_locked.o ABSOLUTE
    ../../stdio.c                            0x00000000   Number         0  initio_locked.o ABSOLUTE
    ../../stdio.c                            0x00000000   Number         0  stdio_streams.o ABSOLUTE
    ../../stdio.c                            0x00000000   Number         0  ftell.o ABSOLUTE
    ../../stdio.c                            0x00000000   Number         0  fflush.o ABSOLUTE
    ../../stdio.c                            0x00000000   Number         0  initio.o ABSOLUTE
    ../../stdio.c                            0x00000000   Number         0  flsbuf.o ABSOLUTE
    ../../stdio.c                            0x00000000   Number         0  ferror.o ABSOLUTE
    ../../stdio.c                            0x00000000   Number         0  fwritefast_locked.o ABSOLUTE
    ../../stdio.c                            0x00000000   Number         0  fopen_locked.o ABSOLUTE
    ../../stdio.c                            0x00000000   Number         0  setvbuf_locked.o ABSOLUTE
    ../../stdio.c                            0x00000000   Number         0  fclose_locked.o ABSOLUTE
    ../../stdio.c                            0x00000000   Number         0  fopen.o ABSOLUTE
    ../../stdio.c                            0x00000000   Number         0  stdio.o ABSOLUTE
    ../../stdio.c                            0x00000000   Number         0  setvbuf.o ABSOLUTE
    ../../stdio.c                            0x00000000   Number         0  streamlock.o ABSOLUTE
    ../../stdio.c                            0x00000000   Number         0  fwritefast.o ABSOLUTE
    ../../stdio.c                            0x00000000   Number         0  fputc.o ABSOLUTE
    ../../stdlib.c                           0x00000000   Number         0  exit.o ABSOLUTE
    ../../string.c                           0x00000000   Number         0  strlen.o ABSOLUTE
    ../../string.c                           0x00000000   Number         0  strncmp.o ABSOLUTE
    ../../wchar.c                            0x00000000   Number         0  flsbuf_fwide.o ABSOLUTE
    ..\app\main.c                            0x00000000   Number         0  main.o ABSOLUTE
    ..\app\service\telnetd\shell.c           0x00000000   Number         0  shell.o ABSOLUTE
    ..\app\service\telnetd\telnetd.c         0x00000000   Number         0  telnetd.o ABSOLUTE
    ..\app\sys_clock.c                       0x00000000   Number         0  sys_clock.o ABSOLUTE
    ..\drivers\enc28j60\enc28j60.c           0x00000000   Number         0  enc28j60.o ABSOLUTE
    ..\drivers\enc28j60\enc28j60_hal.c       0x00000000   Number         0  enc28j60_hal.o ABSOLUTE
    ..\drivers\pcd8544\pcd8544.c             0x00000000   Number         0  pcd8544.o ABSOLUTE
    ..\drivers\pcd8544\pcd8544_hal.c         0x00000000   Number         0  pcd8544_hal.o ABSOLUTE
    ..\drivers\rtc\rtc.c                     0x00000000   Number         0  rtc.o ABSOLUTE
    ..\uip\arm\clock-arch.c                  0x00000000   Number         0  clock-arch.o ABSOLUTE
    ..\uip\arm\tapdev.c                      0x00000000   Number         0  tapdev.o ABSOLUTE
    ..\uip\lib\memb.c                        0x00000000   Number         0  memb.o ABSOLUTE
    ..\uip\src\psock.c                       0x00000000   Number         0  psock.o ABSOLUTE
    ..\uip\src\timer.c                       0x00000000   Number         0  timer.o ABSOLUTE
    ..\uip\src\uip-fw.c                      0x00000000   Number         0  uip-fw.o ABSOLUTE
    ..\uip\src\uip-neighbor.c                0x00000000   Number         0  uip-neighbor.o ABSOLUTE
    ..\uip\src\uip.c                         0x00000000   Number         0  uip.o ABSOLUTE
    ..\uip\src\uip_arp.c                     0x00000000   Number         0  uip_arp.o ABSOLUTE
    ..\uip\src\uiplib.c                      0x00000000   Number         0  uiplib.o ABSOLUTE
    Startup.s                                0x00000000   Number         0  startup.o ABSOLUTE
    dc.s                                     0x00000000   Number         0  dc.o ABSOLUTE
    Undef_Handler                            0x00000040   ARM Code       4  startup.o(RESET)
    SWI_Handler                              0x00000044   ARM Code       4  startup.o(RESET)
    PAbt_Handler                             0x00000048   ARM Code       4  startup.o(RESET)
    DAbt_Handler                             0x0000004c   ARM Code       4  startup.o(RESET)
    IRQ_Handler                              0x00000050   ARM Code       4  startup.o(RESET)
    FIQ_Handler                              0x00000054   ARM Code       4  startup.o(RESET)
    !!!main                                  0x00000110   Section        8  __main.o(!!!main)
    !!!scatter                               0x00000118   Section       60  __scatter.o(!!!scatter)
    !!handler_copy                           0x00000154   Section       40  __scatter_copy.o(!!handler_copy)
    !!handler_zi                             0x0000017c   Section       44  __scatter_zi.o(!!handler_zi)
    .ARM.Collect$$_printf_percent$$00000000  0x000001ac   Section        0  _printf_percent.o(.ARM.Collect$$_printf_percent$$00000000)
    .ARM.Collect$$_printf_percent$$0000000A  0x000001ac   Section        8  _printf_u.o(.ARM.Collect$$_printf_percent$$0000000A)
    .ARM.Collect$$_printf_percent$$00000017  0x000001b4   Section        8  _printf_percent_end.o(.ARM.Collect$$_printf_percent$$00000017)
    .ARM.Collect$$libinit$$00000000          0x000001c4   Section        6  libinit.o(.ARM.Collect$$libinit$$00000000)
    .ARM.Collect$$libinit$$00000006          0x000001ca   Section        0  libinit2.o(.ARM.Collect$$libinit$$00000006)
    .ARM.Collect$$libinit$$00000008          0x000001ca   Section        0  libinit2.o(.ARM.Collect$$libinit$$00000008)
    .ARM.Collect$$libinit$$0000000A          0x000001ca   Section        0  libinit2.o(.ARM.Collect$$libinit$$0000000A)
    .ARM.Collect$$libinit$$0000000D          0x000001ca   Section        0  libinit2.o(.ARM.Collect$$libinit$$0000000D)
    .ARM.Collect$$libinit$$0000000F          0x000001ca   Section        0  libinit2.o(.ARM.Collect$$libinit$$0000000F)
    .ARM.Collect$$libinit$$00000011          0x000001ca   Section        0  libinit2.o(.ARM.Collect$$libinit$$00000011)
    .ARM.Collect$$libinit$$00000013          0x000001ca   Section        0  libinit2.o(.ARM.Collect$$libinit$$00000013)
    .ARM.Collect$$libinit$$00000015          0x000001ca   Section        0  libinit2.o(.ARM.Collect$$libinit$$00000015)
    .ARM.Collect$$libinit$$00000017          0x000001ca   Section        0  libinit2.o(.ARM.Collect$$libinit$$00000017)
    .ARM.Collect$$libinit$$00000019          0x000001ca   Section        0  libinit2.o(.ARM.Collect$$libinit$$00000019)
    .ARM.Collect$$libinit$$0000001B          0x000001ca   Section        0  libinit2.o(.ARM.Collect$$libinit$$0000001B)
    .ARM.Collect$$libinit$$0000001D          0x000001ca   Section        0  libinit2.o(.ARM.Collect$$libinit$$0000001D)
    .ARM.Collect$$libinit$$0000001F          0x000001ca   Section        0  libinit2.o(.ARM.Collect$$libinit$$0000001F)
    .ARM.Collect$$libinit$$00000021          0x000001ca   Section        0  libinit2.o(.ARM.Collect$$libinit$$00000021)
    .ARM.Collect$$libinit$$00000028          0x000001ca   Section        0  libinit2.o(.ARM.Collect$$libinit$$00000028)
    .ARM.Collect$$libinit$$0000002A          0x000001ca   Section        0  libinit2.o(.ARM.Collect$$libinit$$0000002A)
    .ARM.Collect$$libinit$$0000002C          0x000001ca   Section        0  libinit2.o(.ARM.Collect$$libinit$$0000002C)
    .ARM.Collect$$libinit$$0000002E          0x000001ca   Section        0  libinit2.o(.ARM.Collect$$libinit$$0000002E)
    .ARM.Collect$$libinit$$0000002F          0x000001ca   Section       12  libinit2.o(.ARM.Collect$$libinit$$0000002F)
    .ARM.Collect$$libshutdown$$00000000      0x000001e0   Section        4  libshutdown.o(.ARM.Collect$$libshutdown$$00000000)
    .ARM.Collect$$libshutdown$$00000003      0x000001e4   Section        0  libshutdown2.o(.ARM.Collect$$libshutdown$$00000003)
    .ARM.Collect$$libshutdown$$00000006      0x000001e4   Section        0  libshutdown2.o(.ARM.Collect$$libshutdown$$00000006)
    .ARM.Collect$$libshutdown$$00000009      0x000001e4   Section        0  libshutdown2.o(.ARM.Collect$$libshutdown$$00000009)
    .ARM.Collect$$libshutdown$$0000000B      0x000001e4   Section        0  libshutdown2.o(.ARM.Collect$$libshutdown$$0000000B)
    .ARM.Collect$$libshutdown$$0000000E      0x000001e4   Section        0  libshutdown2.o(.ARM.Collect$$libshutdown$$0000000E)
    .ARM.Collect$$libshutdown$$0000000F      0x000001e4   Section        6  libshutdown2.o(.ARM.Collect$$libshutdown$$0000000F)
    .ARM.Collect$$rtentry$$00000000          0x000001ec   Section        0  rtentry.o(.ARM.Collect$$rtentry$$00000000)
    .ARM.Collect$$rtentry$$00000002          0x000001ec   Section        0  rtentry2.o(.ARM.Collect$$rtentry$$00000002)
    .ARM.Collect$$rtentry$$00000004          0x000001ec   Section        8  rtentry4.o(.ARM.Collect$$rtentry$$00000004)
    .ARM.Collect$$rtentry$$00000009          0x000001f4   Section        0  rtentry2.o(.ARM.Collect$$rtentry$$00000009)
    .ARM.Collect$$rtentry$$0000000A          0x000001f4   Section        4  rtentry2.o(.ARM.Collect$$rtentry$$0000000A)
    .ARM.Collect$$rtentry$$0000000C          0x000001f8   Section        0  rtentry2.o(.ARM.Collect$$rtentry$$0000000C)
    .ARM.Collect$$rtentry$$0000000D          0x000001f8   Section       40  rtentry2.o(.ARM.Collect$$rtentry$$0000000D)
    .ARM.Collect$$rtexit$$00000000           0x00000224   Section        0  rtexit.o(.ARM.Collect$$rtexit$$00000000)
    .ARM.Collect$$rtexit$$00000002           0x00000224   Section        0  rtexit2.o(.ARM.Collect$$rtexit$$00000002)
    .ARM.Collect$$rtexit$$00000003           0x00000224   Section        4  rtexit2.o(.ARM.Collect$$rtexit$$00000003)
    .ARM.Collect$$rtexit$$00000004           0x00000228   Section        4  rtexit2.o(.ARM.Collect$$rtexit$$00000004)
    .text                                    0x0000022c   Section       36  startup.o(.text)
    .text                                    0x00000250   Section      808  main.o(.text)
    .text                                    0x00000578   Section      168  sys_clock.o(.text)
    .text                                    0x00000620   Section      692  shell.o(.text)
    parse                                    0x00000620   ARM Code     104  shell.o(.text)
    inttostr                                 0x00000688   ARM Code     160  shell.o(.text)
    help                                     0x00000728   ARM Code      76  shell.o(.text)
    unknown                                  0x00000774   ARM Code      44  shell.o(.text)
    .text                                    0x000008d4   Section     2208  telnetd.o(.text)
    alloc_line                               0x000008d4   ARM Code      20  telnetd.o(.text)
    dealloc_line                             0x000008e8   ARM Code      28  telnetd.o(.text)
    sendline                                 0x00000914   ARM Code     140  telnetd.o(.text)
    acked                                    0x00000ac8   ARM Code     160  telnetd.o(.text)
    senddata                                 0x00000b68   ARM Code     336  telnetd.o(.text)
    closed                                   0x00000cb8   ARM Code     108  telnetd.o(.text)
    get_char                                 0x00000d24   ARM Code     160  telnetd.o(.text)
    sendopt                                  0x00000dc4   ARM Code      68  telnetd.o(.text)
    newdata                                  0x00000e08   ARM Code     472  telnetd.o(.text)
    .text                                    0x00001174   Section      600  pcd8544.o(.text)
    pcd8544_set_xy                           0x000011e4   ARM Code      52  pcd8544.o(.text)
    .text                                    0x000013cc   Section      336  pcd8544_hal.o(.text)
    delay                                    0x000013cc   ARM Code      44  pcd8544_hal.o(.text)
    .text                                    0x0000151c   Section     1588  enc28j60.o(.text)
    .text                                    0x00001b50   Section      552  enc28j60_hal.o(.text)
    .text                                    0x00001d78   Section       16  clock-arch.o(.text)
    .text                                    0x00001d88   Section      124  tapdev.o(.text)
    .text                                    0x00001e04   Section      124  timer.o(.text)
    .text                                    0x00001e80   Section     8524  uip.o(.text)
    chksum                                   0x00001f64   ARM Code     128  uip.o(.text)
    upper_layer_chksum                       0x00002064   ARM Code     128  uip.o(.text)
    uip_add_rcv_nxt                          0x0000248c   ARM Code     116  uip.o(.text)
    .text                                    0x00003fcc   Section     1876  uip_arp.o(.text)
    uip_arp_update                           0x000040b8   ARM Code     540  uip_arp.o(.text)
    .text                                    0x00004720   Section      248  memb.o(.text)
    .text                                    0x00004820   Section       40  noretval__2sprintf.o(.text)
    .text                                    0x00004848   Section      120  __printf.o(.text)
    .text                                    0x000048c8   Section      112  _printf_dec.o(.text)
    .text                                    0x00004940   Section      152  strncmp.o(.text)
    .text                                    0x000049e0   Section       68  strlen.o(.text)
    .text                                    0x00004a24   Section       16  aeabi_memset.o(.text)
    .text                                    0x00004a34   Section      212  rt_memcpy.o(.text)
    .text                                    0x00004b08   Section       64  rt_memclr.o(.text)
    .text                                    0x00004b48   Section      112  strncpy.o(.text)
    .text                                    0x00004bb8   Section      384  aeabi_sdiv.o(.text)
    __arm_div8                               0x00004be4   ARM Code       0  aeabi_sdiv.o(.text)
    __arm_div4                               0x00004c14   ARM Code       0  aeabi_sdiv.o(.text)
    __arm_div_large                          0x00004c68   ARM Code       0  aeabi_sdiv.o(.text)
    .text                                    0x00004d38   Section        6  heapauxi.o(.text)
    .text                                    0x00004d3e   Section      182  _printf_intcommon.o(.text)
    .text                                    0x00004df4   Section       52  _printf_char_common.o(.text)
    _printf_input_char                       0x00004df5   Thumb Code    10  _printf_char_common.o(.text)
    .text                                    0x00004e28   Section       10  _sputc.o(.text)
    .text                                    0x00004e34   Section      100  rt_memcpy_w.o(.text)
    .text                                    0x00004e98   Section       84  rt_memclr_w.o(.text)
    .text                                    0x00004ef0   Section       44  rtudiv10.o(.text)
    .text                                    0x00004f1c   Section       96  sys_stackheap_outer.o(.text)
    .text                                    0x00004f7c   Section       12  exit.o(.text)
    .text                                    0x00004f88   Section       12  libspace.o(.text)
    .text                                    0x00004f94   Section        4  use_no_semi.o(.text)
    .text                                    0x00004f98   Section       24  sys_exit.o(.text)
    .text_udiv                               0x00004fb0   Section       28  aeabi_sdiv.o(.text_udiv)
    i.__ARM_common_call_via_r1               0x00004fcc   Section        2  __printf.o(i.__ARM_common_call_via_r1)
    i.__ARM_common_call_via_r2               0x00004fce   Section        2  __printf.o(i.__ARM_common_call_via_r2)
    x$fpl$fpinit                             0x00004fd4   Section        4  fpinit.o(x$fpl$fpinit)
    .constdata                               0x00004fd8   Section      570  pcd8544.o(.constdata)
    .constdata                               0x00005212   Section        8  uip.o(.constdata)
    all_ones_addr                            0x00005212   Data           4  uip.o(.constdata)
    all_zeroes_addr                          0x00005216   Data           4  uip.o(.constdata)
    .constdata                               0x0000521a   Section       10  uip_arp.o(.constdata)
    broadcast_ethaddr                        0x0000521a   Data           6  uip_arp.o(.constdata)
    broadcast_ipaddr                         0x00005220   Data           4  uip_arp.o(.constdata)
    .conststring                             0x00005224   Section       23  shell.o(.conststring)
    .data                                    0x40000000   Section       12  main.o(.data)
    .data                                    0x4000000c   Section        4  sys_clock.o(.data)
    .data                                    0x40000010   Section       48  shell.o(.data)
    parsetab                                 0x40000010   Data          48  shell.o(.data)
    .data                                    0x40000040   Section       48  telnetd.o(.data)
    linemem                                  0x40000040   Data          12  telnetd.o(.data)
    i                                        0x4000004c   Data           4  telnetd.o(.data)
    len                                      0x40000050   Data           4  telnetd.o(.data)
    i                                        0x40000054   Data           4  telnetd.o(.data)
    bufptr                                   0x40000058   Data           4  telnetd.o(.data)
    lineptr                                  0x4000005c   Data           4  telnetd.o(.data)
    buflen                                   0x40000060   Data           4  telnetd.o(.data)
    linelen                                  0x40000064   Data           4  telnetd.o(.data)
    i                                        0x40000068   Data           4  telnetd.o(.data)
    i                                        0x4000006c   Data           4  telnetd.o(.data)
    .data                                    0x40000070   Section        4  enc28j60.o(.data)
    enc28j60_bank                            0x40000070   Data           1  enc28j60.o(.data)
    next_packet_ptr                          0x40000072   Data           2  enc28j60.o(.data)
    .data                                    0x40000074   Section       58  uip.o(.data)
    ipid                                     0x4000009e   Data           2  uip.o(.data)
    iss                                      0x400000a0   Data           4  uip.o(.data)
    lastport                                 0x400000a4   Data           2  uip.o(.data)
    c                                        0x400000aa   Data           1  uip.o(.data)
    opt                                      0x400000ab   Data           1  uip.o(.data)
    tmp16                                    0x400000ac   Data           2  uip.o(.data)
    .data                                    0x400000ae   Section        8  uip_arp.o(.data)
    ipaddr                                   0x400000ae   Data           4  uip_arp.o(.data)
    i                                        0x400000b2   Data           1  uip_arp.o(.data)
    c                                        0x400000b3   Data           1  uip_arp.o(.data)
    arptime                                  0x400000b4   Data           1  uip_arp.o(.data)
    tmpage                                   0x400000b5   Data           1  uip_arp.o(.data)
    .bss                                     0x400000b8   Section      764  telnetd.o(.bss)
    linemem_memb_count                       0x400000b8   Data          16  telnetd.o(.bss)
    linemem_memb_mem                         0x400000c8   Data         640  telnetd.o(.bss)
    s                                        0x40000348   Data         108  telnetd.o(.bss)
    .bss                                     0x400003b4   Section     1828  uip.o(.bss)
    .bss                                     0x40000ad8   Section       96  uip_arp.o(.bss)
    arp_table                                0x40000ad8   Data          96  uip_arp.o(.bss)
    .bss                                     0x40000b38   Section       96  libspace.o(.bss)
    HEAP                                     0x40000b98   Section     2048  startup.o(HEAP)
    Heap_Mem                                 0x40000b98   Data        2048  startup.o(HEAP)
    STACK                                    0x40001398   Section     2184  startup.o(STACK)
    Stack_Mem                                0x40001398   Data        2048  startup.o(STACK)
    Stack_Top                                0x40001c20   Data           0  startup.o(STACK)

    Global Symbols

    Symbol Name                              Value     Ov Type        Size  Object(Section)

    BuildAttributes$$THM_ISAv1$ARM_ISAv4$S$PE$A:L22$X:L11$S22$IEEE1$IW$USESV6$~STKCKD$USESV7$~SHL$OTIME$ROPI$EBA8$UX$STANDARDLIB$REQ8$PRES8$EABIv2 0x00000000   Number         0  anon$$obj.o ABSOLUTE
    __ARM_use_no_argv                        0x00000000   Number         0  main.o ABSOLUTE
    __ARM_exceptions_init                     - Undefined Weak Reference
    __alloca_initialize                       - Undefined Weak Reference
    __cpp_initialize__aeabi_                  - Undefined Weak Reference
    __cxa_finalize                            - Undefined Weak Reference
    __rt_locale                               - Undefined Weak Reference
    __sigvec_lookup                           - Undefined Weak Reference
    __user_heap_extent                        - Undefined Weak Reference
    _atexit_init                              - Undefined Weak Reference
    _call_atexit_fns                          - Undefined Weak Reference
    _clock_init                               - Undefined Weak Reference
    _fp_trap_init                             - Undefined Weak Reference
    _fp_trap_shutdown                         - Undefined Weak Reference
    _get_lc_collate                           - Undefined Weak Reference
    _get_lc_ctype                             - Undefined Weak Reference
    _get_lc_monetary                          - Undefined Weak Reference
    _get_lc_numeric                           - Undefined Weak Reference
    _get_lc_time                              - Undefined Weak Reference
    _getenv_init                              - Undefined Weak Reference
    _handle_redirection                       - Undefined Weak Reference
    _mutex_acquire                            - Undefined Weak Reference
    _mutex_free                               - Undefined Weak Reference
    _mutex_release                            - Undefined Weak Reference
    _printf_post_padding                      - Undefined Weak Reference
    _printf_pre_padding                       - Undefined Weak Reference
    _printf_truncate_signed                   - Undefined Weak Reference
    _printf_truncate_unsigned                 - Undefined Weak Reference
    _rand_init                                - Undefined Weak Reference
    _signal_finish                            - Undefined Weak Reference
    _signal_init                              - Undefined Weak Reference
    Reset_Handler                            0x00000058   ARM Code       0  startup.o(RESET)
    __main                                   0x00000110   ARM Code       8  __main.o(!!!main)
    __scatterload                            0x00000118   ARM Code       0  __scatter.o(!!!scatter)
    __scatterload_rt2                        0x00000118   ARM Code      52  __scatter.o(!!!scatter)
    __scatterload_null                       0x0000012c   ARM Code       0  __scatter.o(!!!scatter)
    __scatterload_copy                       0x00000154   ARM Code      40  __scatter_copy.o(!!handler_copy)
    __scatterload_zeroinit                   0x0000017c   ARM Code      44  __scatter_zi.o(!!handler_zi)
    Inline Thumb to ARM Veneer to _printf_percent 0x000001a9   Thumb Code     4  _printf_percent.o(.ARM.Collect$$_printf_percent$$00000000)
    _printf_percent                          0x000001ac   ARM Code       0  _printf_percent.o(.ARM.Collect$$_printf_percent$$00000000)
    _printf_u                                0x000001ac   ARM Code       0  _printf_u.o(.ARM.Collect$$_printf_percent$$0000000A)
    _printf_percent_end                      0x000001b4   ARM Code       0  _printf_percent_end.o(.ARM.Collect$$_printf_percent$$00000017)
    Inline ARM to Thumb Veneer to __rt_lib_init 0x000001bc   ARM Code       8  libinit.o(.ARM.Collect$$libinit$$00000000)
    __rt_lib_init                            0x000001c5   Thumb Code     0  libinit.o(.ARM.Collect$$libinit$$00000000)
    __rt_lib_init_alloca_1                   0x000001cb   Thumb Code     0  libinit2.o(.ARM.Collect$$libinit$$0000002A)
    __rt_lib_init_argv_1                     0x000001cb   Thumb Code     0  libinit2.o(.ARM.Collect$$libinit$$00000028)
    __rt_lib_init_atexit_1                   0x000001cb   Thumb Code     0  libinit2.o(.ARM.Collect$$libinit$$00000017)
    __rt_lib_init_clock_1                    0x000001cb   Thumb Code     0  libinit2.o(.ARM.Collect$$libinit$$0000001D)
    __rt_lib_init_cpp_1                      0x000001cb   Thumb Code     0  libinit2.o(.ARM.Collect$$libinit$$0000002E)
    __rt_lib_init_exceptions_1               0x000001cb   Thumb Code     0  libinit2.o(.ARM.Collect$$libinit$$0000002C)
    __rt_lib_init_fp_trap_1                  0x000001cb   Thumb Code     0  libinit2.o(.ARM.Collect$$libinit$$0000001B)
    __rt_lib_init_getenv_1                   0x000001cb   Thumb Code     0  libinit2.o(.ARM.Collect$$libinit$$0000001F)
    __rt_lib_init_heap_1                     0x000001cb   Thumb Code     0  libinit2.o(.ARM.Collect$$libinit$$00000006)
    __rt_lib_init_lc_collate_1               0x000001cb   Thumb Code     0  libinit2.o(.ARM.Collect$$libinit$$0000000D)
    __rt_lib_init_lc_ctype_1                 0x000001cb   Thumb Code     0  libinit2.o(.ARM.Collect$$libinit$$0000000F)
    __rt_lib_init_lc_monetary_1              0x000001cb   Thumb Code     0  libinit2.o(.ARM.Collect$$libinit$$00000011)
    __rt_lib_init_lc_numeric_1               0x000001cb   Thumb Code     0  libinit2.o(.ARM.Collect$$libinit$$00000013)
    __rt_lib_init_lc_time_1                  0x000001cb   Thumb Code     0  libinit2.o(.ARM.Collect$$libinit$$00000015)
    __rt_lib_init_rand_1                     0x000001cb   Thumb Code     0  libinit2.o(.ARM.Collect$$libinit$$0000000A)
    __rt_lib_init_return                     0x000001cb   Thumb Code     0  libinit2.o(.ARM.Collect$$libinit$$0000002F)
    __rt_lib_init_signal_1                   0x000001cb   Thumb Code     0  libinit2.o(.ARM.Collect$$libinit$$00000019)
    __rt_lib_init_stdio_1                    0x000001cb   Thumb Code     0  libinit2.o(.ARM.Collect$$libinit$$00000021)
    __rt_lib_init_user_alloc_1               0x000001cb   Thumb Code     0  libinit2.o(.ARM.Collect$$libinit$$00000008)
    Inline ARM to Thumb Veneer to __rt_lib_shutdown 0x000001d8   ARM Code       8  libshutdown.o(.ARM.Collect$$libshutdown$$00000000)
    __rt_lib_shutdown                        0x000001e1   Thumb Code     0  libshutdown.o(.ARM.Collect$$libshutdown$$00000000)
    __rt_lib_shutdown_fp_trap_1              0x000001e5   Thumb Code     0  libshutdown2.o(.ARM.Collect$$libshutdown$$00000006)
    __rt_lib_shutdown_heap_1                 0x000001e5   Thumb Code     0  libshutdown2.o(.ARM.Collect$$libshutdown$$0000000E)
    __rt_lib_shutdown_return                 0x000001e5   Thumb Code     0  libshutdown2.o(.ARM.Collect$$libshutdown$$0000000F)
    __rt_lib_shutdown_signal_1               0x000001e5   Thumb Code     0  libshutdown2.o(.ARM.Collect$$libshutdown$$00000009)
    __rt_lib_shutdown_stdio_1                0x000001e5   Thumb Code     0  libshutdown2.o(.ARM.Collect$$libshutdown$$00000003)
    __rt_lib_shutdown_user_alloc_1           0x000001e5   Thumb Code     0  libshutdown2.o(.ARM.Collect$$libshutdown$$0000000B)
    __rt_entry                               0x000001ec   ARM Code       0  rtentry.o(.ARM.Collect$$rtentry$$00000000)
    __rt_entry_presh_1                       0x000001ec   ARM Code       0  rtentry2.o(.ARM.Collect$$rtentry$$00000002)
    __rt_entry_sh                            0x000001ec   ARM Code       0  rtentry4.o(.ARM.Collect$$rtentry$$00000004)
    __rt_entry_li                            0x000001f4   ARM Code       0  rtentry2.o(.ARM.Collect$$rtentry$$0000000A)
    __rt_entry_postsh_1                      0x000001f4   ARM Code       0  rtentry2.o(.ARM.Collect$$rtentry$$00000009)
    __rt_entry_main                          0x000001f8   ARM Code       0  rtentry2.o(.ARM.Collect$$rtentry$$0000000D)
    __rt_entry_postli_1                      0x000001f8   ARM Code       0  rtentry2.o(.ARM.Collect$$rtentry$$0000000C)
    Inline Thumb to ARM Veneer to __rt_exit  0x00000221   Thumb Code     4  rtexit.o(.ARM.Collect$$rtexit$$00000000)
    __rt_exit                                0x00000224   ARM Code       0  rtexit.o(.ARM.Collect$$rtexit$$00000000)
    __rt_exit_ls                             0x00000224   ARM Code       0  rtexit2.o(.ARM.Collect$$rtexit$$00000003)
    __rt_exit_prels_1                        0x00000224   ARM Code       0  rtexit2.o(.ARM.Collect$$rtexit$$00000002)
    __rt_exit_exit                           0x00000228   ARM Code       0  rtexit2.o(.ARM.Collect$$rtexit$$00000004)
    __user_initial_stackheap                 0x0000022c   ARM Code       0  startup.o(.text)
    uip_appcall                              0x00000250   ARM Code       4  main.o(.text)
    main                                     0x00000254   ARM Code     800  main.o(.text)
    uip_log                                  0x00000574   ARM Code       4  main.o(.text)
    ISR_TIMER0                               0x00000578   ARM Code      52  sys_clock.o(.text)
    sys_clock_init                           0x000005ac   ARM Code     104  sys_clock.o(.text)
    shell_init                               0x000007a0   ARM Code       4  shell.o(.text)
    shell_start                              0x000007a4   ARM Code      44  shell.o(.text)
    shell_input                              0x000007d0   ARM Code      36  shell.o(.text)
    shell_quit                               0x00000904   ARM Code      16  telnetd.o(.text)
    shell_prompt                             0x000009a0   ARM Code      56  telnetd.o(.text)
    shell_output                             0x000009d8   ARM Code     208  telnetd.o(.text)
    telnetd_init                             0x00000aa8   ARM Code      32  telnetd.o(.text)
    telnetd_appcall                          0x00000fe0   ARM Code     340  telnetd.o(.text)
    pcd8544_backlight                        0x00001174   ARM Code       4  pcd8544.o(.text)
    ssp_init                                 0x00001178   ARM Code     108  pcd8544.o(.text)
    pcd8544_cls                              0x00001218   ARM Code      56  pcd8544.o(.text)
    pcd8544_write_string                     0x00001250   ARM Code     180  pcd8544.o(.text)
    pcd8544_cls_line                         0x00001304   ARM Code      96  pcd8544.o(.text)
    pcd8544_init                             0x00001364   ARM Code      92  pcd8544.o(.text)
    pcd8544_write_byte                       0x000013f8   ARM Code     148  pcd8544_hal.o(.text)
    pcd8544_write                            0x0000148c   ARM Code     132  pcd8544_hal.o(.text)
    _delay_us                                0x0000151c   ARM Code      40  enc28j60.o(.text)
    _delay_ms                                0x00001544   ARM Code      40  enc28j60.o(.text)
    enc28j60_set_bank                        0x0000156c   ARM Code      84  enc28j60.o(.text)
    enc28j60_read                            0x000015c0   ARM Code      36  enc28j60.o(.text)
    enc28j60_write                           0x000015e4   ARM Code      44  enc28j60.o(.text)
    enc28j60_phy_read_H                      0x00001610   ARM Code      88  enc28j60.o(.text)
    enc28j60_phy_write                       0x00001668   ARM Code      84  enc28j60.o(.text)
    enc28j60_clk_out                         0x000016bc   ARM Code      28  enc28j60.o(.text)
    enc28j60_init                            0x000016d8   ARM Code     600  enc28j60.o(.text)
    enc28j60_getrev                          0x00001930   ARM Code      20  enc28j60.o(.text)
    enc28j60_linkup                          0x00001944   ARM Code      44  enc28j60.o(.text)
    enc28j60_packet_send                     0x00001970   ARM Code     160  enc28j60.o(.text)
    enc28j60_packet_receive                  0x00001a10   ARM Code     308  enc28j60.o(.text)
    enc28j60_read_op                         0x00001b50   ARM Code     168  enc28j60_hal.o(.text)
    enc28j60_write_op                        0x00001bf8   ARM Code     108  enc28j60_hal.o(.text)
    enc28j60_read_buffer                     0x00001c64   ARM Code     140  enc28j60_hal.o(.text)
    enc28j60_write_buffer                    0x00001cf0   ARM Code     128  enc28j60_hal.o(.text)
    clock_time                               0x00001d78   ARM Code      12  clock-arch.o(.text)
    tapdev_init                              0x00001d88   ARM Code      60  tapdev.o(.text)
    tapdev_read                              0x00001dc4   ARM Code      24  tapdev.o(.text)
    tapdev_send                              0x00001ddc   ARM Code      28  tapdev.o(.text)
    timer_set                                0x00001e04   ARM Code      32  timer.o(.text)
    timer_reset                              0x00001e24   ARM Code      16  timer.o(.text)
    timer_restart                            0x00001e34   ARM Code      24  timer.o(.text)
    timer_expired                            0x00001e4c   ARM Code      52  timer.o(.text)
    uip_setipid                              0x00001e80   ARM Code      12  uip.o(.text)
    uip_add32                                0x00001e8c   ARM Code     216  uip.o(.text)
    htons                                    0x00001fe4   ARM Code      20  uip.o(.text)
    uip_chksum                               0x00001ff8   ARM Code      44  uip.o(.text)
    uip_ipchksum                             0x00002024   ARM Code      64  uip.o(.text)
    uip_tcpchksum                            0x000020e4   ARM Code      20  uip.o(.text)
    uip_udpchksum                            0x000020f8   ARM Code      20  uip.o(.text)
    uip_init                                 0x0000210c   ARM Code     172  uip.o(.text)
    uip_connect                              0x000021b8   ARM Code     504  uip.o(.text)
    uip_unlisten                             0x000023b0   ARM Code     112  uip.o(.text)
    uip_listen                               0x00002420   ARM Code     108  uip.o(.text)
    uip_process                              0x00002500   ARM Code    6748  uip.o(.text)
    uip_send                                 0x00003f5c   ARM Code      76  uip.o(.text)
    uip_arp_init                             0x00003fcc   ARM Code      88  uip_arp.o(.text)
    uip_arp_timer                            0x00004024   ARM Code     148  uip_arp.o(.text)
    uip_arp_arpin                            0x000042d4   ARM Code     372  uip_arp.o(.text)
    uip_arp_out                              0x00004448   ARM Code     652  uip_arp.o(.text)
    memb_init                                0x00004720   ARM Code      48  memb.o(.text)
    memb_alloc                               0x00004750   ARM Code      88  memb.o(.text)
    memb_free                                0x000047a8   ARM Code     112  memb.o(.text)
    Inline ARM to Thumb Veneer to __2sprintf 0x00004818   ARM Code       8  noretval__2sprintf.o(.text)
    __2sprintf                               0x00004821   Thumb Code    36  noretval__2sprintf.o(.text)
    __printf                                 0x00004849   Thumb Code   120  __printf.o(.text)
    Inline ARM to Thumb Veneer to _printf_int_dec 0x000048c0   ARM Code       8  _printf_dec.o(.text)
    _printf_int_dec                          0x000048c9   Thumb Code    94  _printf_dec.o(.text)
    Inline ARM to Thumb Veneer to strncmp    0x00004938   ARM Code       8  strncmp.o(.text)
    strncmp                                  0x00004941   Thumb Code   146  strncmp.o(.text)
    Inline ARM to Thumb Veneer to strlen     0x000049d8   ARM Code       8  strlen.o(.text)
    strlen                                   0x000049e1   Thumb Code    64  strlen.o(.text)
    __aeabi_memset                           0x00004a24   ARM Code      16  aeabi_memset.o(.text)
    __aeabi_memcpy                           0x00004a34   ARM Code       0  rt_memcpy.o(.text)
    __rt_memcpy                              0x00004a34   ARM Code     212  rt_memcpy.o(.text)
    _memcpy_lastbytes                        0x00004ae8   ARM Code       0  rt_memcpy.o(.text)
    __aeabi_memclr                           0x00004b08   ARM Code       0  rt_memclr.o(.text)
    __rt_memclr                              0x00004b08   ARM Code      64  rt_memclr.o(.text)
    _memset                                  0x00004b0c   ARM Code       0  rt_memclr.o(.text)
    strncpy                                  0x00004b48   ARM Code     108  strncpy.o(.text)
    __aeabi_idiv                             0x00004bb8   ARM Code       0  aeabi_sdiv.o(.text)
    __aeabi_idivmod                          0x00004bb8   ARM Code     384  aeabi_sdiv.o(.text)
    __use_two_region_memory                  0x00004d39   Thumb Code     2  heapauxi.o(.text)
    __rt_heap_escrow                         0x00004d3b   Thumb Code     2  heapauxi.o(.text)
    __rt_heap_expand                         0x00004d3d   Thumb Code     2  heapauxi.o(.text)
    _printf_int_common                       0x00004d3f   Thumb Code   182  _printf_intcommon.o(.text)
    _printf_char_common                      0x00004dff   Thumb Code    38  _printf_char_common.o(.text)
    _sputc                                   0x00004e29   Thumb Code    10  _sputc.o(.text)
    __aeabi_memcpy4                          0x00004e34   ARM Code       0  rt_memcpy_w.o(.text)
    __aeabi_memcpy8                          0x00004e34   ARM Code       0  rt_memcpy_w.o(.text)
    __rt_memcpy_w                            0x00004e34   ARM Code     100  rt_memcpy_w.o(.text)
    _memcpy_lastbytes_aligned                0x00004e80   ARM Code       0  rt_memcpy_w.o(.text)
    __aeabi_memclr4                          0x00004e98   ARM Code       0  rt_memclr_w.o(.text)
    __aeabi_memclr8                          0x00004e98   ARM Code       0  rt_memclr_w.o(.text)
    __rt_memclr_w                            0x00004e98   ARM Code      84  rt_memclr_w.o(.text)
    _memset_w                                0x00004e9c   ARM Code       0  rt_memclr_w.o(.text)
    Inline Thumb to ARM Veneer to __rt_udiv10 0x00004eed   Thumb Code     4  rtudiv10.o(.text)
    __rt_udiv10                              0x00004ef0   ARM Code      44  rtudiv10.o(.text)
    __user_setup_stackheap                   0x00004f1c   ARM Code      96  sys_stackheap_outer.o(.text)
    exit                                     0x00004f7d   Thumb Code    12  exit.o(.text)
    __user_libspace                          0x00004f88   ARM Code      12  libspace.o(.text)
    __user_perproc_libspace                  0x00004f88   ARM Code       0  libspace.o(.text)
    __user_perthread_libspace                0x00004f88   ARM Code       0  libspace.o(.text)
    __I$use$semihosting                      0x00004f94   ARM Code       0  use_no_semi.o(.text)
    __use_no_semihosting_swi                 0x00004f94   ARM Code       4  use_no_semi.o(.text)
    _sys_exit                                0x00004f98   ARM Code      20  sys_exit.o(.text)
    __aeabi_uidiv                            0x00004fb0   ARM Code       0  aeabi_sdiv.o(.text_udiv)
    __aeabi_uidivmod                         0x00004fb0   ARM Code      28  aeabi_sdiv.o(.text_udiv)
    __ARM_common_call_via_r1                 0x00004fcd   Thumb Code     2  __printf.o(i.__ARM_common_call_via_r1)
    __ARM_common_call_via_r2                 0x00004fcf   Thumb Code     2  __printf.o(i.__ARM_common_call_via_r2)
    Inline Thumb to ARM Veneer to _fp_init   0x00004fd1   Thumb Code     4  fpinit.o(x$fpl$fpinit)
    __fplib_config_pureend_doubles           0x00004fd4   ARM Code       0  fpinit.o(x$fpl$fpinit)
    _fp_init                                 0x00004fd4   ARM Code       4  fpinit.o(x$fpl$fpinit)
    font6x8                                  0x00004fd8   Data         570  pcd8544.o(.constdata)
    Region$$Table$$Base                      0x0000523c   Number         0  anon$$obj.o(Region$$Table)
    Region$$Table$$Limit                     0x0000525c   Number         0  anon$$obj.o(Region$$Table)
    my_mac                                   0x40000000   Data           6  main.o(.data)
    ethaddr                                  0x40000006   Data           6  main.o(.data)
    SYS_TICKS                                0x4000000c   Data           4  sys_clock.o(.data)
    uip_ethaddr                              0x40000074   Data           6  uip.o(.data)
    uip_hostaddr                             0x4000007a   Data           4  uip.o(.data)
    uip_draddr                               0x4000007e   Data           4  uip.o(.data)
    uip_netmask                              0x40000082   Data           4  uip.o(.data)
    uip_appdata                              0x40000088   Data           4  uip.o(.data)
    uip_sappdata                             0x4000008c   Data           4  uip.o(.data)
    uip_len                                  0x40000090   Data           2  uip.o(.data)
    uip_slen                                 0x40000092   Data           2  uip.o(.data)
    uip_flags                                0x40000094   Data           1  uip.o(.data)
    uip_conn                                 0x40000098   Data           4  uip.o(.data)
    uip_listenports                          0x4000009c   Data           2  uip.o(.data)
    uip_acc32                                0x400000a6   Data           4  uip.o(.data)
    uip_buf                                  0x400003b4   Data         422  uip.o(.bss)
    uip_conns                                0x4000055c   Data        1360  uip.o(.bss)
    uip_stat                                 0x40000aac   Data          44  uip.o(.bss)
    __libspace_start                         0x40000b38   Data          96  libspace.o(.bss)
    __temporary_stack_top$libspace           0x40000b98   Data           0  libspace.o(.bss)



==============================================================================

Memory Map of the image

  Image Entry point : 0x00000110

  Load Region LR_IROM1 (Base: 0x00000000, Size: 0x00005314, Max: 0x00080000, ABSOLUTE)

    Execution Region ER_IROM1 (Base: 0x00000000, Size: 0x0000525c, Max: 0x00080000, ABSOLUTE)

    Base Addr    Size         Type   Attr      Idx    E Section Name        Object

    0x00000000   0x00000110   Code   RO            3    RESET               startup.o
    0x00000110   0x00000008   Code   RO          491  * !!!main             __main.o(c_t.l)
    0x00000118   0x0000003c   Code   RO          856    !!!scatter          __scatter.o(c_t.l)
    0x00000154   0x00000028   Code   RO          858    !!handler_copy      __scatter_copy.o(c_t.l)
    0x0000017c   0x0000002c   Code   RO          860    !!handler_zi        __scatter_zi.o(c_t.l)
    0x000001a8   0x00000004   Ven    RO          460    .ARM.Collect$$_printf_percent$$00000000  _printf_percent.o(c_t.l)
    0x000001ac   0x00000000   Code   RO          460    .ARM.Collect$$_printf_percent$$00000000  _printf_percent.o(c_t.l)
    0x000001ac   0x00000008   Code   RO          459    .ARM.Collect$$_printf_percent$$0000000A  _printf_u.o(c_t.l)
    0x000001b4   0x00000008   Code   RO          505    .ARM.Collect$$_printf_percent$$00000017  _printf_percent_end.o(c_t.l)
    0x000001bc   0x00000008   Ven    RO          673    .ARM.Collect$$libinit$$00000000  libinit.o(c_t.l)
    0x000001c4   0x00000006   Code   RO          673    .ARM.Collect$$libinit$$00000000  libinit.o(c_t.l)
    0x000001ca   0x00000000   Code   RO          676    .ARM.Collect$$libinit$$00000006  libinit2.o(c_t.l)
    0x000001ca   0x00000000   Code   RO          678    .ARM.Collect$$libinit$$00000008  libinit2.o(c_t.l)
    0x000001ca   0x00000000   Code   RO          680    .ARM.Collect$$libinit$$0000000A  libinit2.o(c_t.l)
    0x000001ca   0x00000000   Code   RO          683    .ARM.Collect$$libinit$$0000000D  libinit2.o(c_t.l)
    0x000001ca   0x00000000   Code   RO          685    .ARM.Collect$$libinit$$0000000F  libinit2.o(c_t.l)
    0x000001ca   0x00000000   Code   RO          687    .ARM.Collect$$libinit$$00000011  libinit2.o(c_t.l)
    0x000001ca   0x00000000   Code   RO          689    .ARM.Collect$$libinit$$00000013  libinit2.o(c_t.l)
    0x000001ca   0x00000000   Code   RO          691    .ARM.Collect$$libinit$$00000015  libinit2.o(c_t.l)
    0x000001ca   0x00000000   Code   RO          693    .ARM.Collect$$libinit$$00000017  libinit2.o(c_t.l)
    0x000001ca   0x00000000   Code   RO          695    .ARM.Collect$$libinit$$00000019  libinit2.o(c_t.l)
    0x000001ca   0x00000000   Code   RO          697    .ARM.Collect$$libinit$$0000001B  libinit2.o(c_t.l)
    0x000001ca   0x00000000   Code   RO          699    .ARM.Collect$$libinit$$0000001D  libinit2.o(c_t.l)
    0x000001ca   0x00000000   Code   RO          701    .ARM.Collect$$libinit$$0000001F  libinit2.o(c_t.l)
    0x000001ca   0x00000000   Code   RO          703    .ARM.Collect$$libinit$$00000021  libinit2.o(c_t.l)
    0x000001ca   0x00000000   Code   RO          707    .ARM.Collect$$libinit$$00000028  libinit2.o(c_t.l)
    0x000001ca   0x00000000   Code   RO          709    .ARM.Collect$$libinit$$0000002A  libinit2.o(c_t.l)
    0x000001ca   0x00000000   Code   RO          711    .ARM.Collect$$libinit$$0000002C  libinit2.o(c_t.l)
    0x000001ca   0x00000000   Code   RO          713    .ARM.Collect$$libinit$$0000002E  libinit2.o(c_t.l)
    0x000001ca   0x0000000c   Code   RO          714    .ARM.Collect$$libinit$$0000002F  libinit2.o(c_t.l)
    0x000001d6   0x00000002   PAD
    0x000001d8   0x00000008   Ven    RO          838    .ARM.Collect$$libshutdown$$00000000  libshutdown.o(c_t.l)
    0x000001e0   0x00000004   Code   RO          838    .ARM.Collect$$libshutdown$$00000000  libshutdown.o(c_t.l)
    0x000001e4   0x00000000   Code   RO          717    .ARM.Collect$$libshutdown$$00000003  libshutdown2.o(c_t.l)
    0x000001e4   0x00000000   Code   RO          720    .ARM.Collect$$libshutdown$$00000006  libshutdown2.o(c_t.l)
    0x000001e4   0x00000000   Code   RO          723    .ARM.Collect$$libshutdown$$00000009  libshutdown2.o(c_t.l)
    0x000001e4   0x00000000   Code   RO          725    .ARM.Collect$$libshutdown$$0000000B  libshutdown2.o(c_t.l)
    0x000001e4   0x00000000   Code   RO          728    .ARM.Collect$$libshutdown$$0000000E  libshutdown2.o(c_t.l)
    0x000001e4   0x00000006   Code   RO          729    .ARM.Collect$$libshutdown$$0000000F  libshutdown2.o(c_t.l)
    0x000001ea   0x00000002   PAD
    0x000001ec   0x00000000   Code   RO          493    .ARM.Collect$$rtentry$$00000000  rtentry.o(c_t.l)
    0x000001ec   0x00000000   Code   RO          529    .ARM.Collect$$rtentry$$00000002  rtentry2.o(c_t.l)
    0x000001ec   0x00000008   Code   RO          544    .ARM.Collect$$rtentry$$00000004  rtentry4.o(c_t.l)
    0x000001f4   0x00000000   Code   RO          531    .ARM.Collect$$rtentry$$00000009  rtentry2.o(c_t.l)
    0x000001f4   0x00000004   Code   RO          532    .ARM.Collect$$rtentry$$0000000A  rtentry2.o(c_t.l)
    0x000001f8   0x00000000   Code   RO          534    .ARM.Collect$$rtentry$$0000000C  rtentry2.o(c_t.l)
    0x000001f8   0x00000028   Code   RO          535    .ARM.Collect$$rtentry$$0000000D  rtentry2.o(c_t.l)
    0x00000220   0x00000004   Ven    RO          735    .ARM.Collect$$rtexit$$00000000  rtexit.o(c_t.l)
    0x00000224   0x00000000   Code   RO          735    .ARM.Collect$$rtexit$$00000000  rtexit.o(c_t.l)
    0x00000224   0x00000000   Code   RO          789    .ARM.Collect$$rtexit$$00000002  rtexit2.o(c_t.l)
    0x00000224   0x00000004   Code   RO          790    .ARM.Collect$$rtexit$$00000003  rtexit2.o(c_t.l)
    0x00000228   0x00000004   Code   RO          791    .ARM.Collect$$rtexit$$00000004  rtexit2.o(c_t.l)
    0x0000022c   0x00000024   Code   RO            4    .text               startup.o
    0x00000250   0x00000328   Code   RO           11    .text               main.o
    0x00000578   0x000000a8   Code   RO           94    .text               sys_clock.o
    0x00000620   0x000002b4   Code   RO          118    .text               shell.o
    0x000008d4   0x000008a0   Code   RO          139    .text               telnetd.o
    0x00001174   0x00000258   Code   RO          161    .text               pcd8544.o
    0x000013cc   0x00000150   Code   RO          182    .text               pcd8544_hal.o
    0x0000151c   0x00000634   Code   RO          206    .text               enc28j60.o
    0x00001b50   0x00000228   Code   RO          229    .text               enc28j60_hal.o
    0x00001d78   0x00000010   Code   RO          241    .text               clock-arch.o
    0x00001d88   0x0000007c   Code   RO          253    .text               tapdev.o
    0x00001e04   0x0000007c   Code   RO          296    .text               timer.o
    0x00001e80   0x0000214c   Code   RO          314    .text               uip.o
    0x00003fcc   0x00000754   Code   RO          341    .text               uip_arp.o
    0x00004720   0x000000f8   Code   RO          411    .text               memb.o
    0x00004818   0x00000008   Ven    RO          431    .text               noretval__2sprintf.o(c_t.l)
    0x00004820   0x00000028   Code   RO          431    .text               noretval__2sprintf.o(c_t.l)
    0x00004848   0x00000078   Code   RO          433    .text               __printf.o(c_t.l)
    0x000048c0   0x00000008   Ven    RO          439    .text               _printf_dec.o(c_t.l)
    0x000048c8   0x00000070   Code   RO          439    .text               _printf_dec.o(c_t.l)
    0x00004938   0x00000008   Ven    RO          461    .text               strncmp.o(c_t.l)
    0x00004940   0x00000098   Code   RO          461    .text               strncmp.o(c_t.l)
    0x000049d8   0x00000008   Ven    RO          463    .text               strlen.o(c_t.l)
    0x000049e0   0x00000044   Code   RO          463    .text               strlen.o(c_t.l)
    0x00004a24   0x00000010   Code   RO          465    .text               aeabi_memset.o(c_t.l)
    0x00004a34   0x000000d4   Code   RO          467    .text               rt_memcpy.o(c_t.l)
    0x00004b08   0x00000040   Code   RO          469    .text               rt_memclr.o(c_t.l)
    0x00004b48   0x00000070   Code   RO          471    .text               strncpy.o(c_t.l)
    0x00004bb8   0x00000180   Code   RO          473    .text               aeabi_sdiv.o(c_t.l)
    0x00004d38   0x00000006   Code   RO          489    .text               heapauxi.o(c_t.l)
    0x00004d3e   0x000000b6   Code   RO          499    .text               _printf_intcommon.o(c_t.l)
    0x00004df4   0x00000034   Code   RO          501    .text               _printf_char_common.o(c_t.l)
    0x00004e28   0x0000000a   Code   RO          503    .text               _sputc.o(c_t.l)
    0x00004e32   0x00000002   PAD
    0x00004e34   0x00000064   Code   RO          522    .text               rt_memcpy_w.o(c_t.l)
    0x00004e98   0x00000054   Code   RO          524    .text               rt_memclr_w.o(c_t.l)
    0x00004eec   0x00000004   Ven    RO          526    .text               rtudiv10.o(c_t.l)
    0x00004ef0   0x0000002c   Code   RO          526    .text               rtudiv10.o(c_t.l)
    0x00004f1c   0x00000060   Code   RO          569    .text               sys_stackheap_outer.o(c_t.l)
    0x00004f7c   0x0000000c   Code   RO          655    .text               exit.o(c_t.l)
    0x00004f88   0x0000000c   Code   RO          730    .text               libspace.o(c_t.l)
    0x00004f94   0x00000004   Code   RO          733    .text               use_no_semi.o(c_t.l)
    0x00004f98   0x00000018   Code   RO          786    .text               sys_exit.o(c_t.l)
    0x00004fb0   0x0000001c   Code   RO          474    .text_udiv          aeabi_sdiv.o(c_t.l)
    0x00004fcc   0x00000002   Code   RO          437    i.__ARM_common_call_via_r1  __printf.o(c_t.l)
    0x00004fce   0x00000002   Code   RO          435    i.__ARM_common_call_via_r2  __printf.o(c_t.l)
    0x00004fd0   0x00000004   Ven    RO          782    x$fpl$fpinit        fpinit.o(fz_ts.l)
    0x00004fd4   0x00000004   Code   RO          782    x$fpl$fpinit        fpinit.o(fz_ts.l)
    0x00004fd8   0x0000023a   Data   RO          162    .constdata          pcd8544.o
    0x00005212   0x00000008   Data   RO          316    .constdata          uip.o
    0x0000521a   0x0000000a   Data   RO          343    .constdata          uip_arp.o
    0x00005224   0x00000017   Data   RO          119    .conststring        shell.o
    0x0000523b   0x00000001   PAD
    0x0000523c   0x00000020   Data   RO          855    Region$$Table       anon$$obj.o


    Execution Region RW_IRAM1 (Base: 0x40000000, Size: 0x00001c20, Max: 0x00008000, ABSOLUTE)

    Base Addr    Size         Type   Attr      Idx    E Section Name        Object

    0x40000000   0x0000000c   Data   RW           12    .data               main.o
    0x4000000c   0x00000004   Data   RW           95    .data               sys_clock.o
    0x40000010   0x00000030   Data   RW          120    .data               shell.o
    0x40000040   0x00000030   Data   RW          141    .data               telnetd.o
    0x40000070   0x00000004   Data   RW          207    .data               enc28j60.o
    0x40000074   0x0000003a   Data   RW          317    .data               uip.o
    0x400000ae   0x00000008   Data   RW          344    .data               uip_arp.o
    0x400000b6   0x00000002   PAD
    0x400000b8   0x000002fc   Zero   RW          140    .bss                telnetd.o
    0x400003b4   0x00000724   Zero   RW          315    .bss                uip.o
    0x40000ad8   0x00000060   Zero   RW          342    .bss                uip_arp.o
    0x40000b38   0x00000060   Zero   RW          731    .bss                libspace.o(c_t.l)
    0x40000b98   0x00000800   Zero   RW            2    HEAP                startup.o
    0x40001398   0x00000888   Zero   RW            1    STACK               startup.o


==============================================================================

Image component sizes


      Code (inc. data)   RO Data    RW Data    ZI Data      Debug   Object Name

        16          4          0          0          0        437   clock-arch.o
      1588         12          0          4          0       4128   enc28j60.o
       552          8          0          0          0       1684   enc28j60_hal.o
       808         92          0         12          0      14554   main.o
       248          0          0          0          0       1409   memb.o
       600         12        570          0          0       2638   pcd8544.o
       336         12          0          0          0       1639   pcd8544_hal.o
       692        224         23         48          0       2301   shell.o
       308         64          0          0       4232        512   startup.o
       168         12          0          4          0       1776   sys_clock.o
       124         12          0          0          0       1178   tapdev.o
      2208         64          0         48        764      11690   telnetd.o
       124          0          0          0          0       1752   timer.o
      8524        424          8         58       1828      14584   uip.o
      1876         76         10          8         96       3821   uip_arp.o

    ----------------------------------------------------------------------
     18172       1016        644        184       6920      64103   Object Totals
         0          0         32          0          0          0   (incl. Generated)
         0          0          1          2          0          1   (incl. Padding)

    ----------------------------------------------------------------------

      Code (inc. data)   RO Data    RW Data    ZI Data      Debug   Library Member Name

         8          0          0          0          0         68   __main.o
       124          0          0          0          0        204   __printf.o
        60          8          0          0          0          0   __scatter.o
        40          0          0          0          0          0   __scatter_copy.o
        44          0          0          0          0          0   __scatter_zi.o
        52          4          0          0          0        100   _printf_char_common.o
       120         18          0          0          0         84   _printf_dec.o
       182          0          0          0          0         92   _printf_intcommon.o
         4          0          0          0          0          0   _printf_percent.o
         8          0          0          0          0          0   _printf_percent_end.o
         8          0          0          0          0          0   _printf_u.o
        10          0          0          0          0         60   _sputc.o
        16          0          0          0          0         68   aeabi_memset.o
       412          0          0          0          0        148   aeabi_sdiv.o
        12          0          0          0          0         60   exit.o
         8          0          0          0          0         68   fpinit.o
         6          0          0          0          0        132   heapauxi.o
        14          0          0          0          0          0   libinit.o
        12          0          0          0          0          0   libinit2.o
        12          0          0          0          0          0   libshutdown.o
         6          0          0          0          0          0   libshutdown2.o
        12          4          0          0         96         68   libspace.o
        48          4          0          0          0         84   noretval__2sprintf.o
        64          0          0          0          0         68   rt_memclr.o
        84          0          0          0          0         76   rt_memclr_w.o
       212          0          0          0          0         68   rt_memcpy.o
       100          0          0          0          0         80   rt_memcpy_w.o
         0          0          0          0          0          0   rtentry.o
        44          4          0          0          0          0   rtentry2.o
         8          0          0          0          0          0   rtentry4.o
         4          0          0          0          0          0   rtexit.o
         8          0          0          0          0          0   rtexit2.o
        48          0          0          0          0         68   rtudiv10.o
        76          4          0          0          0         76   strlen.o
       160          6          0          0          0         80   strncmp.o
       112          4          0          0          0         80   strncpy.o
        24          8          0          0          0         68   sys_exit.o
        96          0          0          0          0         80   sys_stackheap_outer.o
         4          0          0          0          0         68   use_no_semi.o

    ----------------------------------------------------------------------
      2268         64          0          0         96       2048   Library Totals
         6          0          0          0          0          0   (incl. Padding)

    ----------------------------------------------------------------------

      Code (inc. data)   RO Data    RW Data    ZI Data      Debug   Library Name

      2254         64          0          0         96       1980   c_t.l
         8          0          0          0          0         68   fz_ts.l

    ----------------------------------------------------------------------
      2268         64          0          0         96       2048   Library Totals

    ----------------------------------------------------------------------

==============================================================================


      Code (inc. data)   RO Data    RW Data    ZI Data      Debug   

     20440       1080        644        184       7016      63940   Grand Totals
     20440       1080        644        184       7016      63940   ELF Image Totals
     20440       1080        644        184          0          0   ROM Totals

==============================================================================

    Total RO  Size (Code + RO Data)                21084 (  20.59kB)
    Total RW  Size (RW Data + ZI Data)              7200 (   7.03kB)
    Total ROM Size (Code + RO Data + RW Data)      21268 (  20.77kB)

==============================================================================

