<html>
<body>
<pre>
<h1>µVision3 Build Log</h1>
<h2>Project:</h2>
D:\dzproject\ENC28J60\proc\KEIL MDK LPC2138 ENC28J60 UIP1.0\uip_1\prj\upi_1.uv2
Project File Date:  05/19/2009

<h2>Output:</h2>
Build target 'Target 1'
assembling Startup.s...
compiling main.c...
..\uip\inc\uip_includes.h(4): error:  #5: cannot open source input file "mydef.h": No such file or directory
compiling sys_clock.c...
..\uip\inc\uip_includes.h(4): error:  #5: cannot open source input file "mydef.h": No such file or directory
compiling shell.c...
..\app\service\telnetd\shell.c(61): warning:  #177-D: function "inttostr" was declared but never referenced
compiling telnetd.c...
..\uip\inc\uip-conf.h(58): error:  #5: cannot open source input file "mydef.h": No such file or directory
compiling pcd8544.c...
..\drivers\pcd8544\pcd8544.c(2): error:  #5: cannot open source input file "mydef.h": No such file or directory
compiling pcd8544_hal.c...
..\drivers\pcd8544\pcd8544_hal.c(2): error:  #5: cannot open source input file "mydef.h": No such file or directory
compiling rtc.c...
..\drivers\rtc\rtc.c(7): error:  #5: cannot open source input file "mydef.h": No such file or directory
compiling enc28j60.c...
..\drivers\enc28j60\enc28j60.h(20): error:  #5: cannot open source input file "mydef.h": No such file or directory
compiling enc28j60_hal.c...
..\drivers\enc28j60\enc28j60_hal.c(2): error:  #5: cannot open source input file "mydef.h": No such file or directory
compiling clock-arch.c...
..\uip\inc\uip_includes.h(4): error:  #5: cannot open source input file "mydef.h": No such file or directory
compiling tapdev.c...
..\uip\arm\tapdev.c(36): error:  #5: cannot open source input file "mydef.h": No such file or directory
compiling psock.c...
..\uip\inc\uip-conf.h(58): error:  #5: cannot open source input file "mydef.h": No such file or directory
compiling timer.c...
compiling uip.c...
..\uip\inc\uip-conf.h(58): error:  #5: cannot open source input file "mydef.h": No such file or directory
compiling uip_arp.c...
..\uip\inc\uip-conf.h(58): error:  #5: cannot open source input file "mydef.h": No such file or directory
compiling uip-fw.c...
..\uip\inc\uip-conf.h(58): error:  #5: cannot open source input file "mydef.h": No such file or directory
compiling uiplib.c...
..\uip\inc\uip-conf.h(58): error:  #5: cannot open source input file "mydef.h": No such file or directory
compiling uip-neighbor.c...
..\uip\inc\uip-conf.h(58): error:  #5: cannot open source input file "mydef.h": No such file or directory
compiling memb.c...
..\uip\lib\memb.c(100): warning:  #68-D: integer conversion resulted in a change of sign
Target not created
Build target 'Target 1'
assembling Startup.s...
compiling main.c...
..\app\main.c(83): warning:  #223-D: function "telnetd_init" declared implicitly
compiling sys_clock.c...
compiling shell.c...
..\app\service\telnetd\shell.c(61): warning:  #177-D: function "inttostr" was declared but never referenced
compiling telnetd.c...
compiling pcd8544.c...
compiling pcd8544_hal.c...
compiling rtc.c...
compiling enc28j60.c...
compiling enc28j60_hal.c...
compiling clock-arch.c...
compiling tapdev.c...
compiling psock.c...
..\uip\src\psock.c(188): warning:  #513-D: a value of type "const char *" cannot be assigned to an entity of type "const u8_t *"
..\uip\src\psock.c(179): warning:  #550-D: variable "PT_YIELD_FLAG" was set but never used
..\uip\src\psock.c(218): warning:  #550-D: variable "PT_YIELD_FLAG" was set but never used
..\uip\src\psock.c(276): warning:  #167-D: argument of type "char *" is incompatible with parameter of type "u8_t *"
..\uip\src\psock.c(274): warning:  #550-D: variable "PT_YIELD_FLAG" was set but never used
..\uip\src\psock.c(303): warning:  #167-D: argument of type "char *" is incompatible with parameter of type "u8_t *"
..\uip\src\psock.c(301): warning:  #550-D: variable "PT_YIELD_FLAG" was set but never used
..\uip\src\psock.c(334): warning:  #167-D: argument of type "char *" is incompatible with parameter of type "u8_t *"
compiling timer.c...
compiling uip.c...
..\uip\src\uip.c(1847): warning:  #177-D: label "ip_send_nolen" was declared but never referenced
..\uip\src\uip.c(113): warning:  #177-D: variable "all_ones_addr" was declared but never referenced
compiling uip_arp.c...
compiling uip-fw.c...
compiling uiplib.c...
compiling uip-neighbor.c...
compiling memb.c...
..\uip\lib\memb.c(100): warning:  #68-D: integer conversion resulted in a change of sign
linking...
Program Size: Code=20440 RO-data=644 RW-data=184 ZI-data=7016  
"upi_1.axf" - 0 Error(s), 13 Warning(s).
