<html>
<body>
<pre>
<h1>µVision Build Log</h1>
<h2>Project:</h2>
C:\Users\New\Documents\stm32\f072\homekits\Projects\MDK-ARM\homekits.uvproj
Project File Date:  01/22/2015

<h2>Output:</h2>
Build target 'homekits Configuration'
compiling lcd.c...
..\..\Inc\ch.h(36): warning:  #1-D: last line of file ends without a newline
  // À¢∆¡≤‚ ‘
..\..\Src\lcd.c(250): warning:  #550-D: variable "c" was set but never used
        uint16_t c;
..\..\Src\lcd.c: 2 warnings, 0 errors
linking...
Program Size: Code=8904 RO-data=272 RW-data=1696 ZI-data=1360  
"homekits Configuration\homekits Configuration.axf" - 0 Error(s), 2 Warning(s).
Load "homekits Configuration\\homekits Configuration.axf" 
Erase Done.
Programming Done.
Verify OK.
</pre>
</body>
</html>
xx_hal_tim.c...
compiling stm32f0xx_hal_spi.c...
compiling stm32f0xx_hal_dma.c...
compiling stm32f0xx_hal_rcc_ex.c...
compiling stm32f0xx_hal.c...
compiling stm32f0xx_hal_uart.c...
compiling stm32f0xx_hal_flash.c...
compiling stm32f0xx_hal_tim_ex.c...
compiling stm32f0xx_hal_rcc.c...
compiling stm32f0xx_hal_pwr_ex.c...
compiling stm32f0xx_hal_uart_ex.c...
linking...
Program Size: Code=8924 RO-data=272 RW-data=2172 ZI-data=1364  
"homekits Configuration\homekits Configuration.axf" - 0 Error(s), 1 Warning(s).
Load "homekits Configuration\\homekits Configuration.axf" 
Erase Done.
Programming Done.
Verify OK.
